BL51 BANKED LINKER/LOCATER V6.22.2.0                                                    03/24/2020  19:38:01  PAGE 1


BL51 BANKED LINKER/LOCATER V6.22.2.0, INVOKED BY:
C:\KEIL\C51\BIN\BL51.EXE STARTUP.obj, power.obj TO power RAMSIZE (256) CODE (0X0000-0X9FFF) XDATA (0X8000-0XBFFF)


MEMORY MODEL: SMALL WITH FLOATING POINT ARITHMETIC


INPUT MODULES INCLUDED:
  STARTUP.obj (?C_STARTUP)
  power.obj (POWER)
  C:\KEIL\C51\LIB\C51FPS.LIB (?C?FPADD)
  C:\KEIL\C51\LIB\C51FPS.LIB (?C?FPMUL)
  C:\KEIL\C51\LIB\C51FPS.LIB (?C?FPDIV)
  C:\KEIL\C51\LIB\C51FPS.LIB (?C?FPCMP)
  C:\KEIL\C51\LIB\C51FPS.LIB (?C?FCAST)
  C:\KEIL\C51\LIB\C51FPS.LIB (?C?CASTF)
  C:\KEIL\C51\LIB\C51FPS.LIB (FABS)
  C:\KEIL\C51\LIB\C51FPS.LIB (?C?FPGETOPN)
  C:\KEIL\C51\LIB\C51S.LIB (?C?CLDPTR)
  C:\KEIL\C51\LIB\C51S.LIB (?C?CSTPTR)
  C:\KEIL\C51\LIB\C51S.LIB (?C?IMUL)
  C:\KEIL\C51\LIB\C51S.LIB (?C?IILDX)
  C:\KEIL\C51\LIB\C51S.LIB (?C?ILDPTR)
  C:\KEIL\C51\LIB\C51S.LIB (?C?ISTPTR)
  C:\KEIL\C51\LIB\C51S.LIB (?C?LOR)
  C:\KEIL\C51\LIB\C51S.LIB (?C?LNEG)
  C:\KEIL\C51\LIB\C51S.LIB (?C?SLCMP)
  C:\KEIL\C51\LIB\C51S.LIB (?C?ULSHR)
  C:\KEIL\C51\LIB\C51S.LIB (?C?LLDPTR)
  C:\KEIL\C51\LIB\C51S.LIB (?C?LSTPTR)
  C:\KEIL\C51\LIB\C51S.LIB (?C?LLDXDATA)
  C:\KEIL\C51\LIB\C51S.LIB (?C?LLDCODE)
  C:\KEIL\C51\LIB\C51S.LIB (?C?LLDXDATA0)
  C:\KEIL\C51\LIB\C51S.LIB (?C?LLDPTR0)
  C:\KEIL\C51\LIB\C51S.LIB (?C?LSTXDATA)
  C:\KEIL\C51\LIB\C51S.LIB (?C?LSTKXDATA)
  C:\KEIL\C51\LIB\C51S.LIB (?C?OFFXADD)
  C:\KEIL\C51\LIB\C51S.LIB (?C?CCASE)
  C:\KEIL\C51\LIB\C51S.LIB (ABS)
  C:\KEIL\C51\LIB\C51S.LIB (?C?LLDIDATA)
  C:\KEIL\C51\LIB\C51S.LIB (?C?LLDPDATA)
  C:\KEIL\C51\LIB\C51S.LIB (?C?LLDIDATA0)
  C:\KEIL\C51\LIB\C51S.LIB (?C?LLDPDATA0)
  C:\KEIL\C51\LIB\C51S.LIB (?C?LLDCODE0)
  C:\KEIL\C51\LIB\C51S.LIB (?C?LSTIDATA)
  C:\KEIL\C51\LIB\C51S.LIB (?C?LSTPDATA)


LINK MAP OF MODULE:  power (?C_STARTUP)


            TYPE    BASE      LENGTH    RELOCATION   SEGMENT NAME
            -----------------------------------------------------

            * * * * * * *   D A T A   M E M O R Y   * * * * * * *
            REG     0000H     0008H     ABSOLUTE     "REG BANK 0"
            REG     0008H     0008H     ABSOLUTE     "REG BANK 1"
                    0010H     0008H                  *** GAP ***
BL51 BANKED LINKER/LOCATER V6.22.2.0                                                  03/24/2020  19:38:01  PAGE 2


            REG     0018H     0008H     ABSOLUTE     "REG BANK 3"
            DATA    0020H     001CH     UNIT         ?DT?POWER
            DATA    003CH     0010H     UNIT         _DATA_GROUP_
            IDATA   004CH     0001H     UNIT         ?STACK

            * * * * * * *  X D A T A   M E M O R Y  * * * * * * *
                    0000H     8000H                  *** GAP ***
            XDATA   8000H     09C5H     UNIT         ?XD?POWER
            XDATA   89C5H     0044H     UNIT         _XDATA_GROUP_
                    8A09H     05F7H                  *** GAP ***
            XDATA   9000H     0046H     ABSOLUTE     
                    9046H     01BAH                  *** GAP ***
            XDATA   9200H     00AAH     ABSOLUTE     
                    92AAH     0156H                  *** GAP ***
            XDATA   9400H     0046H     ABSOLUTE     
                    9446H     01BAH                  *** GAP ***
            XDATA   9600H     0080H     ABSOLUTE     
                    9680H     0180H                  *** GAP ***
            XDATA   9800H     0120H     ABSOLUTE     

            * * * * * * *   C O D E   M E M O R Y   * * * * * * *
            CODE    0000H     0003H     ABSOLUTE     
            CODE    0003H     0003H     ABSOLUTE     
                    0006H     0005H                  *** GAP ***
            CODE    000BH     0003H     ABSOLUTE     
                    000EH     0005H                  *** GAP ***
            CODE    0013H     0003H     ABSOLUTE     
                    0016H     0005H                  *** GAP ***
            CODE    001BH     0008H     ABSOLUTE     
            CODE    0023H     0008H     ABSOLUTE     
            CODE    002BH     0008H     ABSOLUTE     
            CODE    0033H     12F9H     UNIT         ?PR?SAVEDATARS2?POWER
            CODE    132CH     09E3H     UNIT         ?PR?ONOFFHOOK?POWER
            CODE    1D0FH     097AH     UNIT         ?PR?SAVEDATARS1?POWER
            CODE    2689H     0602H     UNIT         ?C?LIB_CODE
            CODE    2C8BH     05EEH     UNIT         ?PR?ANCOLLECT?POWER
            CODE    3279H     05E2H     UNIT         ?PR?DATAINIT?POWER
            CODE    385BH     058AH     UNIT         ?PR?IMPORTDATAFLUSH?POWER
            CODE    3DE5H     04C9H     UNIT         ?PR?DATAPROTECT?POWER
            CODE    42AEH     04A9H     UNIT         ?PR?_IMPORTANTSAVEDATA?POWER
            CODE    4757H     046DH     UNIT         ?PR?UPLOADPARAMANAGE?POWER
            CODE    4BC4H     0400H     UNIT         ?PR?STATEWORDBUILD?POWER
            CODE    4FC4H     0382H     UNIT         ?PR?EQUCONTROL?POWER
            CODE    5346H     0363H     UNIT         ?PR?POWERCONTROL?POWER
            CODE    56A9H     0351H     UNIT         ?PR?EQUANCOLLECT?POWER
            CODE    59FAH     02FBH     UNIT         ?PR?SINGLEPROTECTCHARGECONTROL?POWER
            CODE    5CF5H     0287H     UNIT         ?PR?SEPCURRENTSHORTCHECK?POWER
            CODE    5F7CH     0267H     UNIT         ?PR?OVERCHARGEPROTECT?POWER
            CODE    61E3H     023CH     UNIT         ?PR?HEALTHSTATEWORDBUILD?POWER
            CODE    641FH     0222H     UNIT         ?PR?_ONOFFSELFEXEREC?POWER
            CODE    6641H     0220H     UNIT         ?PR?RSMANAGEA?POWER
            CODE    6861H     0220H     UNIT         ?PR?RSMANAGEB?POWER
            CODE    6A81H     01F5H     UNIT         ?PR?SAVEIMPORTANTDATARS?POWER
            CODE    6C76H     01F4H     UNIT         ?PR?_FILTERSAVEDATA?POWER
            CODE    6E6AH     01ECH     UNIT         ?PR?CHARGECHECK?POWER
            CODE    7056H     01E4H     UNIT         ?PR?SAVEDATARS3?POWER
            CODE    723AH     01D6H     UNIT         ?PR?FILTERDATACOMP?POWER
BL51 BANKED LINKER/LOCATER V6.22.2.0                                                  03/24/2020  19:38:01  PAGE 3


            CODE    7410H     01BDH     UNIT         ?PR?SAVERAMDATARS?POWER
            CODE    75CDH     0164H     UNIT         ?PR?CANRXDA?POWER
            CODE    7731H     0164H     UNIT         ?PR?CANRXDB?POWER
            CODE    7895H     014BH     UNIT         ?PR?_GET2_3_F?POWER
            CODE    79E0H     0138H     UNIT         ?PR?_ADCONVERT?POWER
            CODE    7B18H     0122H     UNIT         ?CO?POWER
            CODE    7C3AH     0101H     UNIT         ?PR?AQVOLCHECK?POWER
            CODE    7D3BH     00E9H     UNIT         ?PR?_SEPCURRENTSTATECAL?POWER
            CODE    7E24H     00C5H     UNIT         ?PR?AUTOONOFF?POWER
            CODE    7EE9H     00C2H     UNIT         ?PR?CANRESUME?POWER
            CODE    7FABH     0035H     UNIT         ?PR?AHVOLUNDERCHECK?POWER
            CODE    7FE0H     0019H     ABSOLUTE     
                    7FF9H     0006H                  *** GAP ***
            CODE    7FFFH     0001H     ABSOLUTE     
            CODE    8000H     00C0H     UNIT         ?PR?_GET2_3_I?POWER
            CODE    80C0H     008DH     UNIT         ?PR?MAIN?POWER
            CODE    814DH     008CH     UNIT         ?PR?_GET2_3_U?POWER
            CODE    81D9H     0088H     UNIT         ?PR?SYSTEMINIT?POWER
            CODE    8261H     0086H     UNIT         ?PR?_CANINIT?POWER
            CODE    82E7H     0082H     UNIT         ?PR?ONOFFMANAGEA?POWER
            CODE    8369H     0082H     UNIT         ?PR?ONOFFMANAGEB?POWER
            CODE    83EBH     007DH     UNIT         ?PR?RAMCHECK?POWER
            CODE    8468H     0076H     UNIT         ?PR?TIMEBCA?POWER
            CODE    84DEH     0076H     UNIT         ?PR?TIMEBCB?POWER
            CODE    8554H     0074H     UNIT         ?PR?EQU_ISR?POWER
            CODE    85C8H     0070H     UNIT         ?PR?POWERSUPPLYCHECK?POWER
            CODE    8638H     006EH     UNIT         ?PR?IMPORTANTDATARX?POWER
            CODE    86A6H     0059H     UNIT         ?PR?DATAMANAGEA?POWER
            CODE    86FFH     0059H     UNIT         ?PR?DATAMANAGEB?POWER
            CODE    8758H     0059H     UNIT         ?PR?IMPORTANTMANAGEA?POWER
            CODE    87B1H     0059H     UNIT         ?PR?IMPORTANTMANAGEB?POWER
            CODE    880AH     0058H     UNIT         ?PR?CAN_ISR?POWER
            CODE    8862H     0053H     UNIT         ?PR?RAMMANAGEA?POWER
            CODE    88B5H     0053H     UNIT         ?PR?RAMMANAGEB?POWER
            CODE    8908H     004FH     UNIT         ?PR?EQUVREFCHECK?POWER
            CODE    8957H     004DH     UNIT         ?PR?EQUWORKCHECK?POWER
            CODE    89A4H     0049H     UNIT         ?PR?CANTXDA?POWER
            CODE    89EDH     0049H     UNIT         ?PR?CANTXDB?POWER
            CODE    8A36H     0049H     UNIT         ?PR?FILTERMANAGE?POWER
            CODE    8A7FH     0046H     UNIT         ?PR?SELFHEALTHCHECK?POWER
            CODE    8AC5H     0045H     UNIT         ?PR?EQUONOFFHOOK?POWER
            CODE    8B0AH     003BH     UNIT         ?PR?IMPORTANTDATATX?POWER
            CODE    8B45H     0039H     UNIT         ?PR?GENVOLOVERCHECK?POWER
            CODE    8B7EH     0038H     UNIT         ?PR?AHVOLOVERCHECK?POWER
            CODE    8BB6H     0036H     UNIT         ?PR?GENVOLUNDERCHECK?POWER
            CODE    8BECH     0025H     UNIT         ?PR?CANINFOB?POWER
            CODE    8C11H     001EH     UNIT         ?PR?HEALTHCHECK?POWER
            CODE    8C2FH     001CH     UNIT         ?PR?CANINFOA?POWER
            CODE    8C4BH     001BH     UNIT         ?PR?_ONOFFOUTPUT?POWER
            CODE    8C66H     0019H     UNIT         ?PR?CPUINIT?POWER
            CODE    8C7FH     0017H     UNIT         ?PR?_DELAY?POWER
            CODE    8C96H     000FH     UNIT         ?C_C51STARTUP
            CODE    8CA5H     000DH     UNIT         ?PR?TIMER_ISR?POWER
            CODE    8CB2H     000DH     UNIT         ?PR?_FABS?FABS
            CODE    8CBFH     000CH     UNIT         ?PR?_ABS?ABS
            CODE    8CCBH     0009H     UNIT         ?PR?SAVEDATA?POWER

BL51 BANKED LINKER/LOCATER V6.22.2.0                                                  03/24/2020  19:38:01  PAGE 4




OVERLAY MAP OF MODULE:   power (?C_STARTUP)


SEGMENT                                        DATA_GROUP          XDATA_GROUP
  +--> CALLED SEGMENT                        START    LENGTH     START    LENGTH
--------------------------------------------------------------------------------
?C_C51STARTUP                                -----    -----      -----    -----
  +--> ?PR?MAIN?POWER

?PR?MAIN?POWER                               003CH    0002H      -----    -----
  +--> ?PR?SYSTEMINIT?POWER
  +--> ?PR?SAVEDATA?POWER
  +--> ?PR?DATAPROTECT?POWER
  +--> ?PR?ANCOLLECT?POWER
  +--> ?PR?STATEWORDBUILD?POWER
  +--> ?PR?_DELAY?POWER
  +--> ?PR?CHARGECHECK?POWER
  +--> ?PR?EQUCONTROL?POWER
  +--> ?PR?EQUONOFFHOOK?POWER
  +--> ?PR?FILTERMANAGE?POWER
  +--> ?PR?POWERCONTROL?POWER
  +--> ?PR?OVERCHARGEPROTECT?POWER
  +--> ?PR?SINGLEPROTECTCHARGECONTROL?POWER
  +--> ?PR?CANRESUME?POWER
  +--> ?PR?UPLOADPARAMANAGE?POWER
  +--> ?PR?HEALTHCHECK?POWER
  +--> ?PR?SELFHEALTHCHECK?POWER
  +--> ?PR?ONOFFHOOK?POWER
  +--> ?PR?IMPORTANTDATATX?POWER

?PR?SYSTEMINIT?POWER                         -----    -----      -----    -----
  +--> ?PR?DATAINIT?POWER
  +--> ?PR?ANCOLLECT?POWER
  +--> ?PR?STATEWORDBUILD?POWER
  +--> ?PR?SAVEDATA?POWER
  +--> ?PR?SAVERAMDATARS?POWER
  +--> ?PR?_FILTERSAVEDATA?POWER
  +--> ?PR?FILTERDATACOMP?POWER
  +--> ?PR?_IMPORTANTSAVEDATA?POWER
  +--> ?PR?SAVEIMPORTANTDATARS?POWER
  +--> ?PR?CPUINIT?POWER
  +--> ?PR?_CANINIT?POWER
  +--> ?PR?CANINFOA?POWER
  +--> ?PR?CANINFOB?POWER
  +--> ?PR?IMPORTANTDATARX?POWER

?PR?DATAINIT?POWER                           003EH    0002H      -----    -----

?PR?ANCOLLECT?POWER                          003EH    0001H      -----    -----
  +--> ?PR?EQUANCOLLECT?POWER
  +--> ?CO?POWER
  +--> ?PR?_ADCONVERT?POWER
  +--> ?PR?_SEPCURRENTSTATECAL?POWER

?PR?EQUANCOLLECT?POWER                       003FH    0007H      -----    -----
BL51 BANKED LINKER/LOCATER V6.22.2.0                                                  03/24/2020  19:38:01  PAGE 5


  +--> ?PR?_DELAY?POWER

?PR?_ADCONVERT?POWER                         003FH    0002H      89C5H    0014H
  +--> ?PR?_DELAY?POWER

?PR?_SEPCURRENTSTATECAL?POWER                003FH    0001H      89C5H    0004H

?PR?SAVEDATA?POWER                           -----    -----      -----    -----
  +--> ?PR?SAVEDATARS1?POWER
  +--> ?PR?SAVEDATARS2?POWER
  +--> ?PR?SAVERAMDATARS?POWER

?PR?SAVEDATARS1?POWER                        003EH    0004H      -----    -----

?PR?SAVEDATARS2?POWER                        003EH    0003H      -----    -----

?PR?SAVERAMDATARS?POWER                      003EH    0003H      -----    -----

?PR?FILTERDATACOMP?POWER                     003EH    0003H      -----    -----
  +--> ?PR?_ABS?ABS

?PR?_IMPORTANTSAVEDATA?POWER                 003EH    0003H      -----    -----

?PR?SAVEIMPORTANTDATARS?POWER                003EH    0007H      -----    -----

?PR?_CANINIT?POWER                           -----    -----      -----    -----
  +--> ?PR?_DELAY?POWER

?PR?CANINFOB?POWER                           -----    -----      -----    -----
  +--> ?PR?_CANINIT?POWER

?PR?IMPORTANTDATARX?POWER                    003EH    0002H      -----    -----
  +--> ?PR?_DELAY?POWER
  +--> ?PR?IMPORTDATAFLUSH?POWER
  +--> ?PR?AUTOONOFF?POWER

?PR?IMPORTDATAFLUSH?POWER                    -----    -----      -----    -----
  +--> ?CO?POWER

?PR?AUTOONOFF?POWER                          -----    -----      -----    -----
  +--> ?CO?POWER
  +--> ?PR?_DELAY?POWER
  +--> ?PR?_ONOFFOUTPUT?POWER

?PR?_ONOFFOUTPUT?POWER                       -----    -----      -----    -----
  +--> ?CO?POWER
  +--> ?PR?_DELAY?POWER

?PR?DATAPROTECT?POWER                        -----    -----      -----    -----
  +--> ?PR?_GET2_3_U?POWER
  +--> ?PR?_GET2_3_F?POWER
  +--> ?PR?_GET2_3_I?POWER

?PR?_GET2_3_U?POWER                          003EH    0009H      -----    -----

?PR?_GET2_3_F?POWER                          003EH    0009H      89C5H    000CH
  +--> ?PR?_FABS?FABS
BL51 BANKED LINKER/LOCATER V6.22.2.0                                                  03/24/2020  19:38:01  PAGE 6



?PR?_GET2_3_I?POWER                          003EH    0009H      -----    -----

?PR?CHARGECHECK?POWER                        003EH    0001H      -----    -----
  +--> ?PR?_ONOFFSELFEXEREC?POWER

?PR?_ONOFFSELFEXEREC?POWER                   -----    -----      -----    -----
  +--> ?CO?POWER

?PR?EQUCONTROL?POWER                         003EH    0004H      -----    -----
  +--> ?PR?_FABS?FABS
  +--> ?CO?POWER

?PR?EQUONOFFHOOK?POWER                       -----    -----      -----    -----
  +--> ?PR?_DELAY?POWER

?PR?FILTERMANAGE?POWER                       -----    -----      -----    -----
  +--> ?PR?_FILTERSAVEDATA?POWER
  +--> ?PR?FILTERDATACOMP?POWER
  +--> ?PR?SAVEDATARS3?POWER

?PR?SAVEDATARS3?POWER                        003EH    0007H      -----    -----

?PR?POWERCONTROL?POWER                       003EH    0001H      -----    -----
  +--> ?CO?POWER

?PR?OVERCHARGEPROTECT?POWER                  003EH    0001H      89C5H    0010H
  +--> ?PR?_FABS?FABS
  +--> ?PR?_ONOFFOUTPUT?POWER
  +--> ?PR?_ONOFFSELFEXEREC?POWER

?PR?SINGLEPROTECTCHARGECONTROL?POWER         003EH    0004H      89C5H    0010H
  +--> ?PR?_FABS?FABS
  +--> ?CO?POWER
  +--> ?PR?_ONOFFSELFEXEREC?POWER

?PR?CANRESUME?POWER                          003EH    0004H      -----    -----
  +--> ?PR?_CANINIT?POWER
  +--> ?PR?CANINFOA?POWER
  +--> ?PR?CANINFOB?POWER
  +--> ?PR?_DELAY?POWER

?PR?UPLOADPARAMANAGE?POWER                   003EH    0002H      -----    -----

?PR?HEALTHCHECK?POWER                        -----    -----      -----    -----
  +--> ?PR?GENVOLOVERCHECK?POWER
  +--> ?PR?GENVOLUNDERCHECK?POWER
  +--> ?PR?AHVOLOVERCHECK?POWER
  +--> ?PR?AHVOLUNDERCHECK?POWER
  +--> ?PR?EQUVREFCHECK?POWER
  +--> ?PR?EQUWORKCHECK?POWER
  +--> ?PR?SEPCURRENTSHORTCHECK?POWER
  +--> ?PR?AQVOLCHECK?POWER
  +--> ?PR?HEALTHSTATEWORDBUILD?POWER

?PR?SEPCURRENTSHORTCHECK?POWER               003EH    0001H      89C5H    0044H

BL51 BANKED LINKER/LOCATER V6.22.2.0                                                  03/24/2020  19:38:01  PAGE 7


?PR?AQVOLCHECK?POWER                         003EH    0001H      -----    -----

?PR?SELFHEALTHCHECK?POWER                    003EH    0001H      -----    -----
  +--> ?PR?RAMCHECK?POWER
  +--> ?PR?POWERSUPPLYCHECK?POWER

?PR?RAMCHECK?POWER                           -----    -----      89C5H    0040H

?PR?ONOFFHOOK?POWER                          -----    -----      -----    -----
  +--> ?CO?POWER
  +--> ?PR?_ONOFFOUTPUT?POWER
  +--> ?PR?_CANINIT?POWER
  +--> ?PR?CANINFOA?POWER
  +--> ?PR?CANINFOB?POWER

?PR?IMPORTANTDATATX?POWER                    -----    -----      -----    -----
  +--> ?PR?_IMPORTANTSAVEDATA?POWER
  +--> ?PR?SAVEIMPORTANTDATARS?POWER

*** NEW ROOT ***************************************************

?PR?EQU_ISR?POWER                            0047H    0001H      -----    -----

*** NEW ROOT ***************************************************

?PR?CAN_ISR?POWER                            0048H    0001H      -----    -----
  +--> ?PR?CANRXDA?POWER
  +--> ?PR?CANTXDA?POWER
  +--> ?PR?CANRXDB?POWER
  +--> ?PR?CANTXDB?POWER

?PR?CANRXDA?POWER                            0049H    0003H      -----    -----
  +--> ?PR?RSMANAGEA?POWER
  +--> ?PR?ONOFFMANAGEA?POWER
  +--> ?PR?TIMEBCA?POWER
  +--> ?PR?DATAMANAGEA?POWER
  +--> ?PR?IMPORTANTMANAGEA?POWER
  +--> ?PR?RAMMANAGEA?POWER

?PR?CANRXDB?POWER                            0049H    0003H      -----    -----
  +--> ?PR?RSMANAGEB?POWER
  +--> ?PR?ONOFFMANAGEB?POWER
  +--> ?PR?TIMEBCB?POWER
  +--> ?PR?DATAMANAGEB?POWER
  +--> ?PR?IMPORTANTMANAGEB?POWER
  +--> ?PR?RAMMANAGEB?POWER



SYMBOL TABLE OF MODULE:  power (?C_STARTUP)

  VALUE           TYPE          NAME
  ----------------------------------

  -------         MODULE        ?C_STARTUP
  C:8C96H         SEGMENT       ?C_C51STARTUP
  I:004CH         SEGMENT       ?STACK
BL51 BANKED LINKER/LOCATER V6.22.2.0                                                  03/24/2020  19:38:01  PAGE 8


  C:0000H         PUBLIC        ?C_STARTUP
  D:00E0H         SYMBOL        ACC
  D:00F0H         SYMBOL        B
  D:0083H         SYMBOL        DPH
  D:0082H         SYMBOL        DPL
  B:00A8H.7       SYMBOL        EA
  C:7FE0H         SYMBOL        ERR1
  C:7FF3H         SYMBOL        ERR2
  N:0000H         SYMBOL        IBPSTACK
  N:0100H         SYMBOL        IBPSTACKTOP
  N:0080H         SYMBOL        IDATALEN
  C:8C9CH         SYMBOL        IDATALOOP
  N:0000H         SYMBOL        PBPSTACK
  N:0000H         SYMBOL        PBPSTACKTOP
  N:0000H         SYMBOL        PDATALEN
  N:0000H         SYMBOL        PDATASTART
  N:0000H         SYMBOL        PPAGE
  N:0000H         SYMBOL        PPAGEENABLE
  D:00A0H         SYMBOL        PPAGE_SFR
  D:00D0H         SYMBOL        PSW
  B:0098H.0       SYMBOL        RI
  D:0081H         SYMBOL        SP
  C:8C96H         SYMBOL        STARTUP1
  B:00C8H.7       SYMBOL        TF2
  B:0098H.1       SYMBOL        TI
  N:0000H         SYMBOL        XBPSTACK
  N:0000H         SYMBOL        XBPSTACKTOP
  N:0000H         SYMBOL        XDATALEN
  N:0000H         SYMBOL        XDATASTART
  C:0000H         LINE#         96
  C:001BH         LINE#         116
  C:001CH         LINE#         117
  C:001DH         LINE#         118
  C:001EH         LINE#         119
  C:001FH         LINE#         120
  C:0020H         LINE#         121
  C:0023H         LINE#         125
  C:0024H         LINE#         126
  C:0025H         LINE#         127
  C:0026H         LINE#         128
  C:0027H         LINE#         129
  C:0028H         LINE#         130
  C:002BH         LINE#         135
  C:002CH         LINE#         136
  C:002DH         LINE#         137
  C:002EH         LINE#         138
  C:002FH         LINE#         139
  C:0030H         LINE#         140
  C:7FE0H         LINE#         145
  C:7FE2H         LINE#         146
  C:7FE4H         LINE#         147
  C:7FE6H         LINE#         148
  C:7FE8H         LINE#         149
  C:7FEBH         LINE#         150
  C:7FEEH         LINE#         151
  C:7FF0H         LINE#         152
  C:7FF2H         LINE#         153
BL51 BANKED LINKER/LOCATER V6.22.2.0                                                  03/24/2020  19:38:01  PAGE 9


  C:7FF3H         LINE#         155
  C:7FF4H         LINE#         156
  C:7FF6H         LINE#         157
  C:7FF8H         LINE#         158
  C:8C96H         LINE#         163
  C:8C99H         LINE#         166
  C:8C9BH         LINE#         167
  C:8C9CH         LINE#         168
  C:8C9DH         LINE#         169
  C:8C9FH         LINE#         218
  C:8CA2H         LINE#         222
  -------         ENDMOD        ?C_STARTUP

  -------         MODULE        POWER
  C:0000H         SYMBOL        _ICE_DUMMY_
  X:8000H         PUBLIC        healthStateContr2C
  X:8002H         PUBLIC        chargePower
  C:7B18H         PUBLIC        rsTab
  C:8C66H         PUBLIC        CPUInit
  X:8006H         PUBLIC        pcuState1
  X:8007H         PUBLIC        pcuState2
  D:0090H         PUBLIC        P1
  C:59FAH         PUBLIC        SingleProtectChargeControl
  C:385BH         PUBLIC        ImportDataFlush
  X:8008H         PUBLIC        pcuState3
  C:83EBH         PUBLIC        RamCheck
  X:8009H         PUBLIC        checkCountAqA
  X:8012H         PUBLIC        equState1
  X:8013H         PUBLIC        pcuState4
  X:8014H         PUBLIC        chargeCurKickA_B
  D:00B0H         PUBLIC        P3
  C:85C8H         PUBLIC        PowerSupplyCheck
  C:8908H         PUBLIC        EquVRefCheck
  C:75CDH         PUBLIC        CANRXDA
  X:8015H         PUBLIC        checkCountAqB
  X:801EH         PUBLIC        equState2
  X:801FH         PUBLIC        chargeCurKickB_B
  X:8020H         PUBLIC        chargeCurKickA_C
  C:7731H         PUBLIC        CANRXDB
  X:8021H         PUBLIC        fg30S
  X:8022H         PUBLIC        chargeCurKickB_C
  C:89A4H         PUBLIC        CANTXDA
  C:1D0FH         PUBLIC        SaveDataRs1
  X:8023H         PUBLIC        aqPhy
  B:00A8H.7       PUBLIC        EA
  C:89EDH         PUBLIC        CANTXDB
  C:0033H         PUBLIC        SaveDataRs2
  C:5CF5H         PUBLIC        SepCurrentShortCheck
  C:7056H         PUBLIC        SaveDataRs3
  C:7FFFH         PUBLIC        selectAB
  X:804FH         PUBLIC        receiveBufferA
  X:9400H         PUBLIC        rsFrame3
  X:814FH         PUBLIC        fg60S
  X:8150H         PUBLIC        chargeCurrent1
  C:82E7H         PUBLIC        ONOFFManageA
  C:7EE9H         PUBLIC        CanResume
  X:8154H         PUBLIC        receiveBufferB
BL51 BANKED LINKER/LOCATER V6.22.2.0                                                  03/24/2020  19:38:01  PAGE 10


  X:8254H         PUBLIC        fg16S
  X:8255H         PUBLIC        chargeCurrent2
  C:8369H         PUBLIC        ONOFFManageB
  X:8259H         PUBLIC        selfCheckStateContrl
  X:825AH         PUBLIC        equCloseValueB
  X:825EH         PUBLIC        chargeVolKickA_B
  C:86A6H         PUBLIC        DataManageA
  X:825FH         PUBLIC        equCloseValueC
  X:8263H         PUBLIC        chargeVolKickB_B
  X:8264H         PUBLIC        chargeVolKickA_C
  X:8265H         PUBLIC        meaV
  C:86FFH         PUBLIC        DataManageB
  X:8269H         PUBLIC        chargeVolKickB_C
  C:7895H         PUBLIC        _Get2_3_F
  C:8638H         PUBLIC        ImportantDataRx
  X:826AH         PUBLIC        uploadParaData
  C:132CH         PUBLIC        ONOFFHook
  C:8CCBH         PUBLIC        SaveData
  X:826EH         PUBLIC        fgCanBus
  D:00A8H         PUBLIC        IE
  C:8B0AH         PUBLIC        ImportantDataTx
  X:826FH         PUBLIC        wrEquOnoffIndex
  X:8270H         PUBLIC        onoffExeCountB
  X:8271H         PUBLIC        limbCurrent
  C:8000H         PUBLIC        _Get2_3_I
  C:8C4BH         PUBLIC        _ONOFFOutput
  D:0020H         PUBLIC        wrReqIndex
  X:8275H         PUBLIC        onoffExeCountC
  X:8276H         PUBLIC        aqStateContrlB
  X:8278H         PUBLIC        aqStateContrlC
  C:4FC4H         PUBLIC        EquControl
  C:3279H         PUBLIC        DataInit
  X:827AH         PUBLIC        selfCheckState
  X:827BH         PUBLIC        batteryVAWardValueUPB
  X:827FH         PUBLIC        batteryVAWardValueUPC
  B:00B0H.0       PUBLIC        RXDCONTROL
  X:8283H         PUBLIC        singleVWardValueUP
  X:9800H         PUBLIC        onoffBufferRec
  B:00B0H.1       PUBLIC        TXDCONTROL
  C:7E24H         PUBLIC        AutoOnoff
  C:4BC4H         PUBLIC        StateWordBuild
  D:0021H         PUBLIC        receiveFrameA
  X:8287H         PUBLIC        currentPower
  D:0022H         PUBLIC        receiveFrameB
  X:828BH         PUBLIC        dischargeCurrent
  D:00B8H         PUBLIC        IP
  C:6A81H         PUBLIC        SaveImportantDataRs
  X:828FH         PUBLIC        rsImportantFrame
  C:814DH         PUBLIC        _Get2_3_U
  D:0023H         PUBLIC        clockCount
  C:7C1AH         PUBLIC        curCsTab
  C:7BF2H         PUBLIC        singlechargeVolt
  C:81D9H         PUBLIC        SystemInit
  X:83CFH         PUBLIC        selfControlCount
  C:7C2AH         PUBLIC        volSwitchOnoffTabA
  X:83D0H         PUBLIC        accVAEquPyh
  C:7C32H         PUBLIC        volSwitchOnoffTabB
BL51 BANKED LINKER/LOCATER V6.22.2.0                                                  03/24/2020  19:38:01  PAGE 11


  C:880AH         PUBLIC        CAN_ISR
  X:83D4H         PUBLIC        accVBEquPyh
  C:8C2FH         PUBLIC        CANInfoA
  X:83D8H         PUBLIC        filterDataRec
  C:7C22H         PUBLIC        volCsTab
  C:8BF5H         PUBLIC        CANInfoB
  X:8401H         PUBLIC        fgAqCheckA
  X:840AH         PUBLIC        genCurrent
  X:840EH         PUBLIC        fgAqCheckB
  X:8417H         PUBLIC        equOpenValueB
  X:841BH         PUBLIC        equRxCount
  X:841CH         PUBLIC        proportionB
  X:841DH         PUBLIC        equOpenValueC
  C:80C0H         PUBLIC        main
  X:8421H         PUBLIC        batteryVAWardValueDOWNB
  X:8425H         PUBLIC        proportionC
  X:8426H         PUBLIC        equOnoffBuffer
  X:8486H         PUBLIC        aqControlNumber
  X:8487H         PUBLIC        batteryVAWardValueDOWNC
  X:848BH         PUBLIC        overChargeProtectEn
  X:848CH         PUBLIC        equDataBuffer
  X:84B4H         PUBLIC        rsImportantData
  D:0024H         PUBLIC        ramUploadData
  C:7D40H         PUBLIC        _SepCurrentStateCal
  X:8590H         PUBLIC        singleVWardValueDOWN
  X:8594H         PUBLIC        ntrPowerB
  X:8598H         PUBLIC        equ5VP
  X:859AH         PUBLIC        equControlEnB
  X:859BH         PUBLIC        ntrPowerC
  X:859FH         PUBLIC        onoffReceCount
  X:85A0H         PUBLIC        equControlEnC
  X:85A1H         PUBLIC        selfCheckWord
  X:85A2H         PUBLIC        singleVProtectValueUPB
  X:85A6H         PUBLIC        singleVProtectValueUPC
  X:85AAH         PUBLIC        chargeVolKickRsA
  B:0090H.2       PUBLIC        fgRstType
  C:6E6AH         PUBLIC        ChargeCheck
  X:85ABH         PUBLIC        chargeVolKickRsB
  C:8862H         PUBLIC        RamManageA
  C:88B5H         PUBLIC        RamManageB
  C:8BB6H         PUBLIC        GenVolUnderCheck
  X:85ACH         PUBLIC        singleProtectChargeEnB
  X:85ADH         PUBLIC        selfCheckStateWord
  X:85AEH         PUBLIC        singleProtectChargeEnC
  X:85AFH         PUBLIC        resetCount
  C:8957H         PUBLIC        EquWorkCheck
  C:7B7CH         PUBLIC        onoffTab
  D:0098H         PUBLIC        SCON
  D:0089H         PUBLIC        TMOD
  D:0088H         PUBLIC        TCON
  D:002CH         PUBLIC        receiveCountA
  X:85B0H         PUBLIC        fgRsRam
  X:85B1H         PUBLIC        onoffErrorCount
  C:7BC0H         PUBLIC        equAqOffTab
  C:8A36H         PUBLIC        FilterManage
  D:002DH         PUBLIC        receiveCountB
  X:85B2H         PUBLIC        healthStateContr1
BL51 BANKED LINKER/LOCATER V6.22.2.0                                                  03/24/2020  19:38:01  PAGE 12


  D:002EH         PUBLIC        errorCount
  C:8554H         PUBLIC        EQU_ISR
  C:8C11H         PUBLIC        HealthCheck
  X:85B4H         PUBLIC        healthStateContr2
  B:0090H.5       PUBLIC        dog
  C:8AC5H         PUBLIC        EquOnoffHook
  C:4757H         PUBLIC        UploadParaManage
  D:002FH         PUBLIC        pSendA
  X:85B6H         PUBLIC        fgUploadPara
  B:0090H.6       PUBLIC        TXD422En
  X:85B7H         PUBLIC        checkCount1
  D:0031H         PUBLIC        pSendB
  C:7FABH         PUBLIC        AhVolUnderCheck
  X:85B8H         PUBLIC        checkCount2
  X:85B9H         PUBLIC        checkCount3
  X:85BAH         PUBLIC        dischargePower
  X:85BEH         PUBLIC        checkCount4
  X:85BFH         PUBLIC        fgOverChargeprotect
  X:85C0H         PUBLIC        powerSave
  X:85C6H         PUBLIC        equVRef
  X:85C8H         PUBLIC        accVAHard
  X:85CAH         PUBLIC        checkCount5
  X:85CBH         PUBLIC        checkCount6
  X:85CCH         PUBLIC        checkCount7
  X:85CDH         PUBLIC        checkCount8
  X:85CEH         PUBLIC        fgEquRx
  X:85CFH         PUBLIC        reqData
  C:7C3AH         PUBLIC        AqVolCheck
  X:85DBH         PUBLIC        equCloseValue
  X:9000H         PUBLIC        rsFrame1A
  C:8A7FH         PUBLIC        SelfHealthCheck
  C:6433H         PUBLIC        _OnoffSelfExeRec
  C:56A9H         PUBLIC        EquAncollect
  X:85DFH         PUBLIC        singleProtectChargeCount
  X:85E1H         PUBLIC        fgEquTx
  X:9200H         PUBLIC        rsFrame2A
  X:85E2H         PUBLIC        rsFrame1B
  X:8628H         PUBLIC        rsFrame2B
  B:00A8H.1       PUBLIC        ET0
  X:86D2H         PUBLIC        dischargeCurrent1
  X:86D6H         PUBLIC        dischargeCurrent2
  X:86DAH         PUBLIC        singlesaveVLevelA
  X:86DBH         PUBLIC        selfCheckStateContrlB
  X:86DCH         PUBLIC        anData
  X:87A4H         PUBLIC        onoffExeCount
  D:008CH         PUBLIC        TH0
  X:87A5H         PUBLIC        overChargeProCount
  X:87A7H         PUBLIC        singlesaveVLevelB
  X:87A8H         PUBLIC        selfCheckStateContrlC
  B:00A8H.0       PUBLIC        EX0
  B:0088H.0       PUBLIC        IT0
  X:87A9H         PUBLIC        aqStateContrl
  X:87ABH         PUBLIC        rdOnoffIndex
  B:00A8H.2       PUBLIC        EX1
  B:0088H.2       PUBLIC        IT1
  C:8B45H         PUBLIC        GenVolOverCheck
  X:87ACH         PUBLIC        fgOverChargeShort
BL51 BANKED LINKER/LOCATER V6.22.2.0                                                  03/24/2020  19:38:01  PAGE 13


  X:87ADH         PUBLIC        healthStateWord1
  X:87AFH         PUBLIC        aqPhyPx
  B:0090H.4       PUBLIC        onoffEn
  X:87DBH         PUBLIC        batteryVAWardValueUP
  X:87DFH         PUBLIC        healthStateWord2
  X:87E1H         PUBLIC        limbCurrentA
  D:008AH         PUBLIC        TL0
  X:87E5H         PUBLIC        limbCurrentB
  C:8CA5H         PUBLIC        TIMER_ISR
  X:87E9H         PUBLIC        aq
  C:5F7CH         PUBLIC        OverChargeProtect
  C:8758H         PUBLIC        ImportantManageA
  C:42AEH         PUBLIC        _ImportantSaveData
  C:87B1H         PUBLIC        ImportantManageB
  C:6641H         PUBLIC        RsManageA
  C:6861H         PUBLIC        RsManageB
  X:87FFH         PUBLIC        singlesaveflag
  X:8800H         PUBLIC        equ12VN
  X:8802H         PUBLIC        chargeCurrent
  B:0088H.4       PUBLIC        TR0
  X:8806H         PUBLIC        singleVWardValueUPB
  X:880AH         PUBLIC        equ12VP
  C:7BAEH         PUBLIC        equAqOnTab
  X:880CH         PUBLIC        singleVWardValueUPC
  X:8810H         PUBLIC        chargeArrayCurrent
  C:2C8BH         PUBLIC        ANCollect
  X:8838H         PUBLIC        fgImportantDataRx
  D:0033H         PUBLIC        sendFrameA
  C:8B7EH         PUBLIC        AhVolOverCheck
  D:0034H         PUBLIC        sendFrameB
  X:8839H         PUBLIC        currentModeCountA
  X:883CH         PUBLIC        currentModeCountB
  X:883FH         PUBLIC        fgCheck1
  D:0035H         PUBLIC        receiveSumA
  X:8840H         PUBLIC        chargeCurKickA
  X:8841H         PUBLIC        fgCheck2
  D:0037H         PUBLIC        receiveSumB
  X:9600H         PUBLIC        ramTestData
  X:8842H         PUBLIC        wrOnoffIndex
  X:8843H         PUBLIC        chargeCurKickB
  C:3DE5H         PUBLIC        DataProtect
  X:8844H         PUBLIC        fgCheck3
  X:8845H         PUBLIC        equOpenValue
  X:8849H         PUBLIC        fgCheck4
  X:884AH         PUBLIC        proportion
  X:884BH         PUBLIC        fgCheck5
  X:884CH         PUBLIC        batteryVAWardValueDOWN
  X:8850H         PUBLIC        fgCheck6
  X:8851H         PUBLIC        fgCheck7
  X:8852H         PUBLIC        ntrPower
  X:8856H         PUBLIC        fgCheck8
  X:8857H         PUBLIC        equControlEn
  X:8858H         PUBLIC        chargeVolKickA
  D:00C8H         PUBLIC        T2CON
  X:8859H         PUBLIC        sepCurrentState1
  X:885AH         PUBLIC        chargeVolKickB
  C:8267H         PUBLIC        _CANInit
BL51 BANKED LINKER/LOCATER V6.22.2.0                                                  03/24/2020  19:38:01  PAGE 14


  X:885BH         PUBLIC        sepCurrentState2
  D:0039H         PUBLIC        sendIndexA
  X:885CH         PUBLIC        chargeFlag
  X:885DH         PUBLIC        singleVProtectValueUP
  X:8861H         PUBLIC        overChargeProtectEnB
  X:8862H         PUBLIC        sepCurrentState3
  D:003AH         PUBLIC        sendIndexB
  C:79E0H         PUBLIC        _ADConvert
  X:8863H         PUBLIC        singleVWardValueDOWNB
  X:8867H         PUBLIC        overChargeProtectEnC
  X:8868H         PUBLIC        sepCurrentState4
  C:7BD2H         PUBLIC        volTab
  X:8869H         PUBLIC        singleVWardValueDOWNC
  X:886DH         PUBLIC        importDataRxState
  X:886EH         PUBLIC        onoffReceCountB
  X:886FH         PUBLIC        accEquVA
  X:8871H         PUBLIC        onoffReceCountC
  X:8872H         PUBLIC        fgOverChargePro
  X:8873H         PUBLIC        accEquVB
  X:8875H         PUBLIC        selfCheckWordB
  X:8876H         PUBLIC        singleProtectChargeEn
  X:8877H         PUBLIC        selfCheckWordC
  C:7C12H         PUBLIC        volKickTab
  C:61E3H         PUBLIC        HealthStateWordBuild
  C:8C83H         PUBLIC        _Delay
  X:8878H         PUBLIC        AhCount16S
  X:887AH         PUBLIC        sysTime
  X:887EH         PUBLIC        generatrixVol
  X:8882H         PUBLIC        fgSwitch1
  X:8883H         PUBLIC        resetCountB
  X:8884H         PUBLIC        equVRefPhy
  X:8888H         PUBLIC        accVAHardPyh
  C:5346H         PUBLIC        PowerControl
  C:7410H         PUBLIC        SaveRamDataRs
  X:888CH         PUBLIC        rsRamFrame
  X:894AH         PUBLIC        fgSwitch2
  X:894BH         PUBLIC        resetCountC
  X:894CH         PUBLIC        fgAh
  C:8468H         PUBLIC        TimeBcA
  C:723AH         PUBLIC        FilterDataComp
  C:6C76H         PUBLIC        _FilterSaveData
  X:894DH         PUBLIC        filterFrame
  X:8976H         PUBLIC        onoffErrorCountB
  C:84DEH         PUBLIC        TimeBcB
  X:8977H         PUBLIC        onoffBuffer
  X:89A7H         PUBLIC        onoffErrorCountC
  D:00D0H         PUBLIC        PSW
  X:89A8H         PUBLIC        rdEquOnoffIndex
  X:89A9H         PUBLIC        errorCountA
  X:89AAH         PUBLIC        healthStateContr1B
  D:003BH         PUBLIC        rdReqIndex
  X:89ACH         PUBLIC        errorCountB
  X:89ADH         PUBLIC        chargeArrayCount
  X:89B7H         PUBLIC        healthStateContr2B
  X:89B9H         PUBLIC        healthStateContr1C
  X:89BBH         PUBLIC        equExeCount
  X:89C4H         PUBLIC        wrOnoffRecIndex
BL51 BANKED LINKER/LOCATER V6.22.2.0                                                  03/24/2020  19:38:01  PAGE 15


  B:0090H.0       PUBLIC        RXD422AEn
  -------         PROC          MAIN
  -------         DO            
  D:003CH         SYMBOL        fg4S
  D:003DH         SYMBOL        clockCountTemp
  -------         ENDDO         
  C:80C0H         LINE#         833
  C:80C0H         LINE#         834
  C:80C0H         LINE#         838
  C:80C3H         LINE#         840
  C:80C3H         LINE#         841
  C:80C3H         LINE#         842
  C:80C5H         LINE#         844
  C:80C7H         LINE#         846
  C:80CAH         LINE#         847
  C:80CDH         LINE#         849
  C:80D0H         LINE#         850
  C:80D3H         LINE#         851
  C:80DAH         LINE#         852
  C:80DDH         LINE#         854
  C:80E0H         LINE#         855
  C:80E3H         LINE#         857
  C:80E6H         LINE#         859
  C:80F1H         LINE#         860
  C:80F1H         LINE#         861
  C:80F4H         LINE#         862
  C:80F7H         LINE#         863
  C:80FAH         LINE#         864
  C:80FDH         LINE#         865
  C:80FDH         LINE#         867
  C:8100H         LINE#         868
  C:8103H         LINE#         870
  C:8106H         LINE#         871
  C:8109H         LINE#         873
  C:810CH         LINE#         874
  C:810FH         LINE#         875
  C:8111H         LINE#         877
  C:8114H         LINE#         879
  C:8116H         LINE#         880
  C:8122H         LINE#         881
  C:8122H         LINE#         882
  C:8125H         LINE#         883
  C:8127H         LINE#         884
  C:8129H         LINE#         885
  C:812FH         LINE#         886
  C:8148H         LINE#         887
  C:814AH         LINE#         888
  -------         ENDPROC       MAIN
  C:8C7FH         SYMBOL        L?1284
  -------         PROC          L?1283
  -------         ENDPROC       L?1283
  C:8C7FH         SYMBOL        L?1284
  -------         PROC          _DELAY
  D:0006H         SYMBOL        time
  -------         DO            
  D:0004H         SYMBOL        k
  -------         ENDDO         
BL51 BANKED LINKER/LOCATER V6.22.2.0                                                  03/24/2020  19:38:01  PAGE 16


  C:8C83H         LINE#         895
  C:8C83H         LINE#         896
  C:8C83H         LINE#         899
  C:8C8DH         LINE#         900
  C:8C8DH         LINE#         901
  C:8C8EH         LINE#         902
  C:8C95H         LINE#         903
  -------         ENDPROC       _DELAY
  -------         PROC          DATAPROTECT
  -------         DO            
  D:0003H         SYMBOL        result1
  -------         ENDDO         
  C:3DE5H         LINE#         909
  C:3DE5H         LINE#         910
  C:3DE5H         LINE#         913
  C:3E02H         LINE#         914
  C:3E07H         LINE#         915
  C:3E07H         LINE#         916
  C:3E0BH         LINE#         917
  C:3E0FH         LINE#         918
  C:3E13H         LINE#         919
  C:3E13H         LINE#         921
  C:3E30H         LINE#         922
  C:3E35H         LINE#         923
  C:3E35H         LINE#         924
  C:3E39H         LINE#         925
  C:3E3DH         LINE#         926
  C:3E41H         LINE#         927
  C:3E41H         LINE#         929
  C:3E5EH         LINE#         930
  C:3E63H         LINE#         931
  C:3E63H         LINE#         932
  C:3E67H         LINE#         933
  C:3E6BH         LINE#         934
  C:3E6FH         LINE#         935
  C:3E6FH         LINE#         937
  C:3E8CH         LINE#         938
  C:3E91H         LINE#         939
  C:3E91H         LINE#         940
  C:3E95H         LINE#         941
  C:3E99H         LINE#         942
  C:3E9DH         LINE#         943
  C:3E9DH         LINE#         945
  C:3EBAH         LINE#         946
  C:3EBFH         LINE#         947
  C:3EBFH         LINE#         948
  C:3EC5H         LINE#         949
  C:3EC9H         LINE#         950
  C:3ECDH         LINE#         951
  C:3ECDH         LINE#         953
  C:3EEAH         LINE#         954
  C:3EEFH         LINE#         955
  C:3EEFH         LINE#         956
  C:3EF5H         LINE#         957
  C:3EF9H         LINE#         958
  C:3EFDH         LINE#         959
  C:3EFDH         LINE#         961
BL51 BANKED LINKER/LOCATER V6.22.2.0                                                  03/24/2020  19:38:01  PAGE 17


  C:3F1AH         LINE#         962
  C:3F1FH         LINE#         963
  C:3F1FH         LINE#         964
  C:3F25H         LINE#         965
  C:3F29H         LINE#         966
  C:3F2DH         LINE#         967
  C:3F2DH         LINE#         969
  C:3F4AH         LINE#         970
  C:3F4FH         LINE#         971
  C:3F4FH         LINE#         972
  C:3F55H         LINE#         973
  C:3F59H         LINE#         974
  C:3F5DH         LINE#         975
  C:3F5DH         LINE#         977
  C:3F7AH         LINE#         978
  C:3F7FH         LINE#         979
  C:3F7FH         LINE#         980
  C:3F89H         LINE#         981
  C:3F93H         LINE#         982
  C:3F9DH         LINE#         983
  C:3F9DH         LINE#         985
  C:3FBAH         LINE#         986
  C:3FBFH         LINE#         987
  C:3FBFH         LINE#         988
  C:3FC9H         LINE#         989
  C:3FD3H         LINE#         990
  C:3FDDH         LINE#         991
  C:3FDDH         LINE#         993
  C:3FFAH         LINE#         994
  C:3FFFH         LINE#         995
  C:3FFFH         LINE#         996
  C:4005H         LINE#         997
  C:4009H         LINE#         998
  C:400DH         LINE#         999
  C:400DH         LINE#         1001
  C:402AH         LINE#         1002
  C:402FH         LINE#         1003
  C:402FH         LINE#         1004
  C:4035H         LINE#         1005
  C:4039H         LINE#         1006
  C:403DH         LINE#         1007
  C:403DH         LINE#         1009
  C:405AH         LINE#         1010
  C:405FH         LINE#         1011
  C:405FH         LINE#         1012
  C:4067H         LINE#         1013
  C:406DH         LINE#         1014
  C:4071H         LINE#         1015
  C:4071H         LINE#         1017
  C:408EH         LINE#         1018
  C:4093H         LINE#         1019
  C:4093H         LINE#         1020
  C:409BH         LINE#         1021
  C:40A1H         LINE#         1022
  C:40A7H         LINE#         1023
  C:40A7H         LINE#         1025
  C:40C4H         LINE#         1026
BL51 BANKED LINKER/LOCATER V6.22.2.0                                                  03/24/2020  19:38:01  PAGE 18


  C:40C9H         LINE#         1027
  C:40C9H         LINE#         1028
  C:40D1H         LINE#         1029
  C:40D7H         LINE#         1030
  C:40DDH         LINE#         1031
  C:40DDH         LINE#         1033
  C:40FAH         LINE#         1034
  C:40FFH         LINE#         1035
  C:40FFH         LINE#         1036
  C:4105H         LINE#         1037
  C:4109H         LINE#         1038
  C:410DH         LINE#         1039
  C:410DH         LINE#         1041
  C:412AH         LINE#         1042
  C:412FH         LINE#         1043
  C:412FH         LINE#         1044
  C:4135H         LINE#         1045
  C:4139H         LINE#         1046
  C:413DH         LINE#         1047
  C:413DH         LINE#         1049
  C:415AH         LINE#         1050
  C:415FH         LINE#         1051
  C:415FH         LINE#         1052
  C:4165H         LINE#         1053
  C:4169H         LINE#         1054
  C:416DH         LINE#         1055
  C:416DH         LINE#         1057
  C:418AH         LINE#         1058
  C:418FH         LINE#         1059
  C:418FH         LINE#         1060
  C:4199H         LINE#         1061
  C:41A3H         LINE#         1062
  C:41ADH         LINE#         1063
  C:41ADH         LINE#         1065
  C:41CAH         LINE#         1066
  C:41CFH         LINE#         1067
  C:41CFH         LINE#         1068
  C:41D9H         LINE#         1069
  C:41E3H         LINE#         1070
  C:41EDH         LINE#         1071
  C:41EDH         LINE#         1073
  C:420AH         LINE#         1074
  C:420FH         LINE#         1075
  C:420FH         LINE#         1076
  C:4219H         LINE#         1077
  C:4223H         LINE#         1078
  C:422DH         LINE#         1079
  C:422DH         LINE#         1081
  C:424AH         LINE#         1082
  C:424FH         LINE#         1083
  C:424FH         LINE#         1084
  C:4259H         LINE#         1085
  C:4263H         LINE#         1086
  C:426DH         LINE#         1087
  C:426DH         LINE#         1089
  C:428AH         LINE#         1090
  C:428FH         LINE#         1091
BL51 BANKED LINKER/LOCATER V6.22.2.0                                                  03/24/2020  19:38:01  PAGE 19


  C:428FH         LINE#         1092
  C:4299H         LINE#         1093
  C:42A3H         LINE#         1094
  C:42ADH         LINE#         1095
  C:42ADH         LINE#         1096
  -------         ENDPROC       DATAPROTECT
  -------         PROC          SYSTEMINIT
  C:81D9H         LINE#         1102
  C:81D9H         LINE#         1103
  C:81D9H         LINE#         1104
  C:81DBH         LINE#         1105
  C:81DDH         LINE#         1107
  C:81E3H         LINE#         1108
  C:81E5H         LINE#         1109
  C:81E7H         LINE#         1111
  C:81E9H         LINE#         1112
  C:81EBH         LINE#         1113
  C:81EDH         LINE#         1114
  C:81EFH         LINE#         1116
  C:81F4H         LINE#         1117
  C:81F8H         LINE#         1118
  C:81FCH         LINE#         1119
  C:8200H         LINE#         1121
  C:8202H         LINE#         1122
  C:8205H         LINE#         1123
  C:8205H         LINE#         1124
  C:820BH         LINE#         1125
  C:820FH         LINE#         1127
  C:8210H         LINE#         1128
  C:8210H         LINE#         1129
  C:8212H         LINE#         1131
  C:8212H         LINE#         1132
  C:8217H         LINE#         1133
  C:821BH         LINE#         1134
  C:821FH         LINE#         1135
  C:821FH         LINE#         1137
  C:8222H         LINE#         1139
  C:8224H         LINE#         1140
  C:8227H         LINE#         1141
  C:8229H         LINE#         1143
  C:822CH         LINE#         1144
  C:822FH         LINE#         1145
  C:8232H         LINE#         1146
  C:8235H         LINE#         1148
  C:823CH         LINE#         1149
  C:823FH         LINE#         1151
  C:8246H         LINE#         1152
  C:8249H         LINE#         1154
  C:824CH         LINE#         1156
  C:824FH         LINE#         1157
  C:8256H         LINE#         1158
  C:8259H         LINE#         1159
  C:825CH         LINE#         1161
  C:825EH         LINE#         1163
  -------         ENDPROC       SYSTEMINIT
  -------         PROC          DATAINIT
  -------         DO            
BL51 BANKED LINKER/LOCATER V6.22.2.0                                                  03/24/2020  19:38:01  PAGE 20


  D:0002H         SYMBOL        i
  D:003EH         SYMBOL        j
  -------         ENDDO         
  C:3279H         LINE#         1170
  C:3279H         LINE#         1171
  C:3279H         LINE#         1175
  C:327CH         LINE#         1176
  C:327EH         LINE#         1178
  C:3282H         LINE#         1179
  C:3286H         LINE#         1180
  C:328AH         LINE#         1182
  C:328EH         LINE#         1183
  C:3292H         LINE#         1185
  C:3296H         LINE#         1186
  C:329AH         LINE#         1187
  C:329EH         LINE#         1189
  C:32A2H         LINE#         1190
  C:32A6H         LINE#         1191
  C:32AAH         LINE#         1193
  C:32AEH         LINE#         1194
  C:32B2H         LINE#         1195
  C:32B6H         LINE#         1197
  C:32BCH         LINE#         1199
  C:32C2H         LINE#         1200
  C:32C6H         LINE#         1202
  C:32CBH         LINE#         1203
  C:32CFH         LINE#         1205
  C:32D9H         LINE#         1207
  C:32E3H         LINE#         1208
  C:32EDH         LINE#         1209
  C:32F7H         LINE#         1211
  C:3301H         LINE#         1212
  C:330BH         LINE#         1213
  C:3315H         LINE#         1215
  C:331FH         LINE#         1216
  C:3329H         LINE#         1217
  C:3333H         LINE#         1218
  C:333DH         LINE#         1219
  C:3347H         LINE#         1221
  C:334DH         LINE#         1222
  C:3351H         LINE#         1223
  C:3355H         LINE#         1225
  C:3359H         LINE#         1226
  C:335FH         LINE#         1227
  C:3363H         LINE#         1229
  C:3369H         LINE#         1231
  C:336CH         LINE#         1232
  C:336CH         LINE#         1233
  C:3388H         LINE#         1234
  C:3394H         LINE#         1235
  C:339FH         LINE#         1237
  C:33A5H         LINE#         1238
  C:33A9H         LINE#         1239
  C:33ADH         LINE#         1241
  C:33B1H         LINE#         1242
  C:33B5H         LINE#         1243
  C:33B9H         LINE#         1245
BL51 BANKED LINKER/LOCATER V6.22.2.0                                                  03/24/2020  19:38:01  PAGE 21


  C:33BDH         LINE#         1246
  C:33C1H         LINE#         1247
  C:33C5H         LINE#         1249
  C:33C9H         LINE#         1250
  C:33CDH         LINE#         1251
  C:33D1H         LINE#         1253
  C:33D5H         LINE#         1254
  C:33D7H         LINE#         1256
  C:33DAH         LINE#         1257
  C:33DAH         LINE#         1258
  C:33E6H         LINE#         1259
  C:33F2H         LINE#         1260
  C:33FDH         LINE#         1262
  C:3400H         LINE#         1263
  C:3400H         LINE#         1264
  C:3410H         LINE#         1265
  C:341BH         LINE#         1267
  C:3421H         LINE#         1268
  C:3426H         LINE#         1270
  C:3427H         LINE#         1271
  C:3427H         LINE#         1272
  C:3431H         LINE#         1273
  C:3431H         LINE#         1275
  C:3436H         LINE#         1276
  C:3438H         LINE#         1277
  C:343AH         LINE#         1278
  C:343EH         LINE#         1280
  C:3442H         LINE#         1281
  C:3444H         LINE#         1282
  C:3446H         LINE#         1283
  C:3448H         LINE#         1285
  C:344EH         LINE#         1287
  C:3453H         LINE#         1288
  C:3457H         LINE#         1289
  C:3459H         LINE#         1290
  C:3459H         LINE#         1291
  C:346CH         LINE#         1292
  C:3478H         LINE#         1293
  C:3483H         LINE#         1295
  C:3488H         LINE#         1296
  C:348AH         LINE#         1297
  C:348AH         LINE#         1298
  C:348FH         LINE#         1299
  C:348FH         LINE#         1300
  C:34B9H         LINE#         1301
  C:34C7H         LINE#         1302
  C:34D2H         LINE#         1304
  C:34D8H         LINE#         1305
  C:34DAH         LINE#         1306
  C:34DAH         LINE#         1307
  C:34E3H         LINE#         1308
  C:34E3H         LINE#         1310
  C:34E5H         LINE#         1311
  C:34E5H         LINE#         1312
  C:34EFH         LINE#         1313
  C:34EFH         LINE#         1314
  C:34F2H         LINE#         1315
BL51 BANKED LINKER/LOCATER V6.22.2.0                                                  03/24/2020  19:38:01  PAGE 22


  C:34F4H         LINE#         1317
  C:34FAH         LINE#         1318
  C:3500H         LINE#         1319
  C:3506H         LINE#         1321
  C:3510H         LINE#         1322
  C:351AH         LINE#         1323
  C:3524H         LINE#         1324
  C:352EH         LINE#         1326
  C:3535H         LINE#         1327
  C:353BH         LINE#         1328
  C:3541H         LINE#         1329
  C:3547H         LINE#         1331
  C:3551H         LINE#         1332
  C:355BH         LINE#         1333
  C:3565H         LINE#         1335
  C:356FH         LINE#         1336
  C:3579H         LINE#         1337
  C:3583H         LINE#         1339
  C:358DH         LINE#         1340
  C:3597H         LINE#         1341
  C:35A1H         LINE#         1343
  C:35ABH         LINE#         1344
  C:35B5H         LINE#         1345
  C:35BFH         LINE#         1347
  C:35C9H         LINE#         1348
  C:35D3H         LINE#         1349
  C:35DDH         LINE#         1351
  C:35E7H         LINE#         1352
  C:35F1H         LINE#         1353
  C:35FBH         LINE#         1355
  C:3605H         LINE#         1356
  C:360FH         LINE#         1357
  C:3619H         LINE#         1359
  C:361EH         LINE#         1360
  C:3622H         LINE#         1361
  C:3624H         LINE#         1362
  C:3624H         LINE#         1363
  C:3639H         LINE#         1364
  C:3644H         LINE#         1366
  C:364AH         LINE#         1367
  C:364EH         LINE#         1368
  C:3651H         LINE#         1369
  C:3651H         LINE#         1370
  C:3666H         LINE#         1371
  C:3671H         LINE#         1373
  C:3676H         LINE#         1374
  C:3677H         LINE#         1375
  C:3677H         LINE#         1376
  C:3681H         LINE#         1377
  C:3681H         LINE#         1379
  C:3683H         LINE#         1380
  C:3683H         LINE#         1381
  C:368DH         LINE#         1382
  C:368DH         LINE#         1384
  C:3695H         LINE#         1385
  C:369BH         LINE#         1386
  C:369FH         LINE#         1388
BL51 BANKED LINKER/LOCATER V6.22.2.0                                                  03/24/2020  19:38:01  PAGE 23


  C:36A4H         LINE#         1389
  C:36A8H         LINE#         1390
  C:36ACH         LINE#         1391
  C:36B0H         LINE#         1393
  C:36BAH         LINE#         1394
  C:36C4H         LINE#         1395
  C:36CEH         LINE#         1397
  C:36D8H         LINE#         1398
  C:36E2H         LINE#         1399
  C:36ECH         LINE#         1401
  C:3710H         LINE#         1402
  C:3713H         LINE#         1403
  C:3716H         LINE#         1404
  C:3718H         LINE#         1405
  C:371AH         LINE#         1406
  C:371CH         LINE#         1408
  C:3722H         LINE#         1409
  C:3726H         LINE#         1410
  C:372AH         LINE#         1412
  C:372FH         LINE#         1414
  C:3733H         LINE#         1416
  C:3739H         LINE#         1417
  C:373DH         LINE#         1418
  C:3741H         LINE#         1420
  C:3748H         LINE#         1421
  C:374EH         LINE#         1423
  C:3756H         LINE#         1424
  C:375CH         LINE#         1425
  C:3762H         LINE#         1427
  C:3768H         LINE#         1428
  C:376EH         LINE#         1429
  C:3774H         LINE#         1431
  C:377AH         LINE#         1432
  C:377EH         LINE#         1433
  C:3782H         LINE#         1435
  C:3788H         LINE#         1436
  C:378CH         LINE#         1437
  C:3790H         LINE#         1439
  C:3794H         LINE#         1440
  C:3798H         LINE#         1441
  C:379CH         LINE#         1443
  C:37A0H         LINE#         1444
  C:37A6H         LINE#         1446
  C:37A9H         LINE#         1447
  C:37A9H         LINE#         1448
  C:37B5H         LINE#         1449
  C:37C1H         LINE#         1450
  C:37CCH         LINE#         1452
  C:37D1H         LINE#         1453
  C:37D3H         LINE#         1454
  C:37D5H         LINE#         1455
  C:37D9H         LINE#         1456
  C:37DDH         LINE#         1457
  C:37DFH         LINE#         1458
  C:37E1H         LINE#         1459
  C:37E3H         LINE#         1461
  C:37E9H         LINE#         1462
BL51 BANKED LINKER/LOCATER V6.22.2.0                                                  03/24/2020  19:38:01  PAGE 24


  C:37EDH         LINE#         1463
  C:37F1H         LINE#         1464
  C:37F5H         LINE#         1465
  C:37F9H         LINE#         1466
  C:37FDH         LINE#         1467
  C:37FFH         LINE#         1468
  C:3803H         LINE#         1470
  C:3806H         LINE#         1471
  C:3806H         LINE#         1472
  C:3812H         LINE#         1473
  C:381EH         LINE#         1475
  C:382BH         LINE#         1476
  C:3838H         LINE#         1477
  C:3843H         LINE#         1479
  C:384AH         LINE#         1480
  C:3850H         LINE#         1482
  C:385AH         LINE#         1483
  -------         ENDPROC       DATAINIT
  -------         PROC          AUTOONOFF
  C:7E24H         LINE#         1491
  C:7E24H         LINE#         1492
  C:7E24H         LINE#         1493
  C:7E2DH         LINE#         1494
  C:7E30H         LINE#         1495
  C:7E32H         LINE#         1497
  C:7E3BH         LINE#         1498
  C:7E3EH         LINE#         1499
  C:7E40H         LINE#         1501
  C:7E49H         LINE#         1502
  C:7E4CH         LINE#         1503
  C:7E4EH         LINE#         1505
  C:7E57H         LINE#         1506
  C:7E5AH         LINE#         1507
  C:7E5CH         LINE#         1509
  C:7E61H         LINE#         1510
  C:7E64H         LINE#         1511
  C:7E66H         LINE#         1513
  C:7E6BH         LINE#         1514
  C:7E6EH         LINE#         1515
  C:7E70H         LINE#         1517
  C:7E75H         LINE#         1518
  C:7E78H         LINE#         1519
  C:7E7AH         LINE#         1521
  C:7E7FH         LINE#         1522
  C:7E82H         LINE#         1523
  C:7E84H         LINE#         1525
  C:7E89H         LINE#         1526
  C:7E8CH         LINE#         1527
  C:7E8EH         LINE#         1529
  C:7E93H         LINE#         1530
  C:7E96H         LINE#         1531
  C:7E98H         LINE#         1533
  C:7E9DH         LINE#         1534
  C:7EA0H         LINE#         1535
  C:7EA2H         LINE#         1537
  C:7EA7H         LINE#         1538
  C:7EAAH         LINE#         1539
BL51 BANKED LINKER/LOCATER V6.22.2.0                                                  03/24/2020  19:38:01  PAGE 25


  C:7EACH         LINE#         1541
  C:7EB1H         LINE#         1542
  C:7EB4H         LINE#         1543
  C:7EB6H         LINE#         1545
  C:7EBBH         LINE#         1546
  C:7EBEH         LINE#         1547
  C:7EC0H         LINE#         1549
  C:7EC5H         LINE#         1550
  C:7EC8H         LINE#         1551
  C:7ECAH         LINE#         1553
  C:7ECFH         LINE#         1554
  C:7ED2H         LINE#         1555
  C:7ED4H         LINE#         1557
  C:7ED9H         LINE#         1558
  C:7EDCH         LINE#         1559
  C:7EDEH         LINE#         1561
  C:7EE3H         LINE#         1562
  C:7EE6H         LINE#         1563
  C:7EE8H         LINE#         1564
  -------         ENDPROC       AUTOONOFF
  C:8261H         SYMBOL        L?1286
  C:8263H         SYMBOL        L?1287
  -------         PROC          L?1285
  -------         ENDPROC       L?1285
  C:8261H         SYMBOL        L?1286
  C:8263H         SYMBOL        L?1287
  -------         PROC          _CANINIT
  D:0002H         SYMBOL        address
  -------         DO            
  D:0007H         SYMBOL        temp
  -------         ENDDO         
  C:8267H         LINE#         1570
  C:826BH         LINE#         1571
  C:826BH         LINE#         1574
  C:8272H         LINE#         1575
  C:8279H         LINE#         1576
  C:827DH         LINE#         1577
  C:8289H         LINE#         1578
  C:8295H         LINE#         1579
  C:82A0H         LINE#         1580
  C:82ACH         LINE#         1581
  C:82B8H         LINE#         1582
  C:82C4H         LINE#         1584
  C:82CBH         LINE#         1585
  C:82D0H         LINE#         1586
  C:82D3H         LINE#         1588
  C:82D6H         LINE#         1589
  C:82E2H         LINE#         1590
  -------         ENDPROC       _CANINIT
  -------         PROC          CPUINIT
  C:8C66H         LINE#         1597
  C:8C66H         LINE#         1598
  C:8C66H         LINE#         1599
  C:8C69H         LINE#         1600
  C:8C6BH         LINE#         1601
  C:8C6DH         LINE#         1603
  C:8C70H         LINE#         1604
BL51 BANKED LINKER/LOCATER V6.22.2.0                                                  03/24/2020  19:38:01  PAGE 26


  C:8C73H         LINE#         1605
  C:8C76H         LINE#         1606
  C:8C78H         LINE#         1608
  C:8C7AH         LINE#         1609
  C:8C7CH         LINE#         1610
  C:8C7EH         LINE#         1611
  -------         ENDPROC       CPUINIT
  -------         PROC          ANCOLLECT
  -------         DO            
  D:003EH         SYMBOL        i
  -------         ENDDO         
  C:2C8BH         LINE#         1617
  C:2C8BH         LINE#         1618
  C:2C8BH         LINE#         1621
  C:2C8EH         LINE#         1623
  C:2C9CH         LINE#         1624
  C:2C9CH         LINE#         1625
  C:2CB8H         LINE#         1626
  C:2CBCH         LINE#         1628
  C:2D03H         LINE#         1629
  C:2D15H         LINE#         1630
  C:2D15H         LINE#         1631
  C:2D1FH         LINE#         1632
  C:2D1FH         LINE#         1634
  C:2D66H         LINE#         1635
  C:2D78H         LINE#         1636
  C:2D78H         LINE#         1637
  C:2D82H         LINE#         1638
  C:2D82H         LINE#         1640
  C:2D97H         LINE#         1642
  C:2E32H         LINE#         1643
  C:2E44H         LINE#         1644
  C:2E44H         LINE#         1645
  C:2E4EH         LINE#         1646
  C:2E4EH         LINE#         1648
  C:2E6BH         LINE#         1649
  C:2E7DH         LINE#         1650
  C:2E7DH         LINE#         1651
  C:2E87H         LINE#         1652
  C:2E87H         LINE#         1653
  C:2EA4H         LINE#         1654
  C:2EB6H         LINE#         1655
  C:2EB6H         LINE#         1656
  C:2EC0H         LINE#         1657
  C:2EC0H         LINE#         1658
  C:2ED5H         LINE#         1660
  C:2EF2H         LINE#         1661
  C:2F04H         LINE#         1662
  C:2F04H         LINE#         1663
  C:2F0EH         LINE#         1664
  C:2F0EH         LINE#         1665
  C:2F2BH         LINE#         1666
  C:2F3DH         LINE#         1667
  C:2F3DH         LINE#         1668
  C:2F47H         LINE#         1669
  C:2F47H         LINE#         1670
  C:2F5CH         LINE#         1672
BL51 BANKED LINKER/LOCATER V6.22.2.0                                                  03/24/2020  19:38:01  PAGE 27


  C:2F79H         LINE#         1673
  C:2F8BH         LINE#         1674
  C:2F8BH         LINE#         1675
  C:2F95H         LINE#         1676
  C:2F95H         LINE#         1678
  C:2FB2H         LINE#         1679
  C:2FC4H         LINE#         1680
  C:2FC4H         LINE#         1681
  C:2FCEH         LINE#         1682
  C:2FCEH         LINE#         1684
  C:2FDEH         LINE#         1686
  C:2FF6H         LINE#         1687
  C:3008H         LINE#         1688
  C:3008H         LINE#         1689
  C:3012H         LINE#         1690
  C:3012H         LINE#         1692
  C:302FH         LINE#         1693
  C:3041H         LINE#         1694
  C:3041H         LINE#         1695
  C:304BH         LINE#         1696
  C:304BH         LINE#         1697
  C:3068H         LINE#         1698
  C:307AH         LINE#         1699
  C:307AH         LINE#         1700
  C:3084H         LINE#         1701
  C:3084H         LINE#         1702
  C:30A1H         LINE#         1703
  C:30B3H         LINE#         1704
  C:30B3H         LINE#         1705
  C:30BDH         LINE#         1706
  C:30BDH         LINE#         1707
  C:30DAH         LINE#         1708
  C:30ECH         LINE#         1709
  C:30ECH         LINE#         1710
  C:30F6H         LINE#         1711
  C:30F6H         LINE#         1712
  C:3113H         LINE#         1713
  C:3125H         LINE#         1714
  C:3125H         LINE#         1715
  C:312FH         LINE#         1716
  C:312FH         LINE#         1718
  C:314CH         LINE#         1719
  C:315EH         LINE#         1720
  C:315EH         LINE#         1721
  C:3168H         LINE#         1722
  C:3168H         LINE#         1723
  C:3185H         LINE#         1724
  C:3197H         LINE#         1725
  C:3197H         LINE#         1726
  C:31A1H         LINE#         1727
  C:31A1H         LINE#         1728
  C:31BEH         LINE#         1729
  C:31D0H         LINE#         1730
  C:31D0H         LINE#         1731
  C:31DAH         LINE#         1732
  C:31DAH         LINE#         1733
  C:31F7H         LINE#         1734
BL51 BANKED LINKER/LOCATER V6.22.2.0                                                  03/24/2020  19:38:01  PAGE 28


  C:3209H         LINE#         1735
  C:3209H         LINE#         1736
  C:3213H         LINE#         1737
  C:3213H         LINE#         1738
  C:3230H         LINE#         1739
  C:3242H         LINE#         1740
  C:3242H         LINE#         1741
  C:324CH         LINE#         1742
  C:324CH         LINE#         1744
  C:3257H         LINE#         1745
  C:3262H         LINE#         1746
  C:326DH         LINE#         1747
  C:3278H         LINE#         1748
  -------         ENDPROC       ANCOLLECT
  -------         PROC          EQUANCOLLECT
  -------         DO            
  D:003FH         SYMBOL        i
  D:0040H         SYMBOL        j
  D:0041H         SYMBOL        tempU
  D:0042H         SYMBOL        tempF
  -------         ENDDO         
  C:56A9H         LINE#         1754
  C:56A9H         LINE#         1755
  C:56A9H         LINE#         1761
  C:56B7H         LINE#         1762
  C:56B7H         LINE#         1763
  C:56C4H         LINE#         1764
  C:56C8H         LINE#         1766
  C:56CAH         LINE#         1767
  C:56CFH         LINE#         1769
  C:56D5H         LINE#         1770
  C:56DBH         LINE#         1771
  C:56DDH         LINE#         1772
  C:56DFH         LINE#         1774
  C:56E1H         LINE#         1775
  C:56E8H         LINE#         1776
  C:56EAH         LINE#         1778
  C:56F8H         LINE#         1779
  C:56F8H         LINE#         1780
  C:5731H         LINE#         1781
  C:5735H         LINE#         1783
  C:574CH         LINE#         1784
  C:5761H         LINE#         1785
  C:5776H         LINE#         1786
  C:578BH         LINE#         1787
  C:57A0H         LINE#         1788
  C:57B6H         LINE#         1790
  C:57CEH         LINE#         1791
  C:57EBH         LINE#         1792
  C:5808H         LINE#         1794
  C:5825H         LINE#         1795
  C:5842H         LINE#         1796
  C:585FH         LINE#         1797
  C:587CH         LINE#         1798
  C:5899H         LINE#         1799
  C:58B6H         LINE#         1800
  C:58D3H         LINE#         1801
BL51 BANKED LINKER/LOCATER V6.22.2.0                                                  03/24/2020  19:38:01  PAGE 29


  C:58F0H         LINE#         1802
  C:590DH         LINE#         1804
  C:591BH         LINE#         1805
  C:591BH         LINE#         1806
  C:593FH         LINE#         1807
  C:5943H         LINE#         1809
  C:5954H         LINE#         1810
  C:5954H         LINE#         1811
  C:5966H         LINE#         1812
  C:5966H         LINE#         1813
  C:5995H         LINE#         1814
  C:5995H         LINE#         1815
  C:59B2H         LINE#         1816
  C:59D5H         LINE#         1817
  C:59EFH         LINE#         1818
  C:59EFH         LINE#         1819
  C:59F4H         LINE#         1820
  C:59F9H         LINE#         1821
  -------         ENDPROC       EQUANCOLLECT
  -------         PROC          _ADCONVERT
  D:0007H         SYMBOL        channel
  -------         DO            
  D:0003H         SYMBOL        i
  D:0007H         SYMBOL        j
  D:003FH         SYMBOL        value
  X:89C5H         SYMBOL        ad
  -------         ENDDO         
  C:79E0H         LINE#         1827
  C:79E0H         LINE#         1828
  C:79E0H         LINE#         1834
  C:79E5H         LINE#         1835
  C:79ECH         LINE#         1836
  C:79F8H         LINE#         1837
  C:79F8H         LINE#         1838
  C:7A01H         LINE#         1839
  C:7A08H         LINE#         1840
  C:7A2FH         LINE#         1841
  C:7A32H         LINE#         1842
  C:7A41H         LINE#         1843
  C:7A41H         LINE#         1844
  C:7A4DH         LINE#         1845
  C:7A4DH         LINE#         1846
  C:7A7AH         LINE#         1847
  C:7A7AH         LINE#         1848
  C:7A8FH         LINE#         1849
  C:7AB1H         LINE#         1850
  C:7AC4H         LINE#         1851
  C:7AC4H         LINE#         1852
  C:7AC8H         LINE#         1853
  C:7ACCH         LINE#         1854
  C:7AD1H         LINE#         1855
  C:7ADDH         LINE#         1856
  C:7ADDH         LINE#         1857
  C:7AF6H         LINE#         1858
  C:7AF9H         LINE#         1859
  C:7B04H         LINE#         1860
  C:7B14H         LINE#         1861
BL51 BANKED LINKER/LOCATER V6.22.2.0                                                  03/24/2020  19:38:01  PAGE 30


  C:7B17H         LINE#         1862
  -------         ENDPROC       _ADCONVERT
  -------         PROC          STATEWORDBUILD
  C:4BC4H         LINE#         1868
  C:4BC4H         LINE#         1869
  C:4BC4H         LINE#         1870
  C:4BC9H         LINE#         1871
  C:4BE1H         LINE#         1872
  C:4BE1H         LINE#         1873
  C:4BE8H         LINE#         1874
  C:4BE8H         LINE#         1875
  C:4C00H         LINE#         1876
  C:4C00H         LINE#         1877
  C:4C07H         LINE#         1878
  C:4C07H         LINE#         1879
  C:4C1FH         LINE#         1880
  C:4C1FH         LINE#         1881
  C:4C26H         LINE#         1882
  C:4C26H         LINE#         1883
  C:4C3EH         LINE#         1884
  C:4C3EH         LINE#         1885
  C:4C45H         LINE#         1886
  C:4C45H         LINE#         1887
  C:4C5DH         LINE#         1888
  C:4C5DH         LINE#         1889
  C:4C64H         LINE#         1890
  C:4C64H         LINE#         1891
  C:4C7CH         LINE#         1892
  C:4C7CH         LINE#         1893
  C:4C83H         LINE#         1894
  C:4C83H         LINE#         1895
  C:4C9BH         LINE#         1896
  C:4C9BH         LINE#         1897
  C:4CA2H         LINE#         1898
  C:4CA2H         LINE#         1899
  C:4CBAH         LINE#         1900
  C:4CBAH         LINE#         1901
  C:4CC1H         LINE#         1902
  C:4CC1H         LINE#         1904
  C:4CC6H         LINE#         1905
  C:4CDEH         LINE#         1906
  C:4CDEH         LINE#         1907
  C:4CE5H         LINE#         1908
  C:4CE5H         LINE#         1909
  C:4CFDH         LINE#         1910
  C:4CFDH         LINE#         1911
  C:4D04H         LINE#         1912
  C:4D04H         LINE#         1913
  C:4D1CH         LINE#         1914
  C:4D1CH         LINE#         1915
  C:4D23H         LINE#         1916
  C:4D23H         LINE#         1917
  C:4D3BH         LINE#         1918
  C:4D3BH         LINE#         1919
  C:4D42H         LINE#         1920
  C:4D42H         LINE#         1921
  C:4D5AH         LINE#         1922
BL51 BANKED LINKER/LOCATER V6.22.2.0                                                  03/24/2020  19:38:01  PAGE 31


  C:4D5AH         LINE#         1923
  C:4D61H         LINE#         1924
  C:4D61H         LINE#         1925
  C:4D79H         LINE#         1926
  C:4D79H         LINE#         1927
  C:4D80H         LINE#         1928
  C:4D80H         LINE#         1929
  C:4D98H         LINE#         1930
  C:4D98H         LINE#         1931
  C:4D9FH         LINE#         1932
  C:4D9FH         LINE#         1933
  C:4DB7H         LINE#         1934
  C:4DB7H         LINE#         1935
  C:4DBEH         LINE#         1936
  C:4DBEH         LINE#         1938
  C:4DC3H         LINE#         1939
  C:4DDBH         LINE#         1940
  C:4DDBH         LINE#         1941
  C:4DE2H         LINE#         1942
  C:4DE2H         LINE#         1943
  C:4DFAH         LINE#         1944
  C:4DFAH         LINE#         1945
  C:4E01H         LINE#         1946
  C:4E01H         LINE#         1947
  C:4E19H         LINE#         1948
  C:4E19H         LINE#         1949
  C:4E20H         LINE#         1950
  C:4E20H         LINE#         1951
  C:4E38H         LINE#         1952
  C:4E38H         LINE#         1953
  C:4E3FH         LINE#         1954
  C:4E3FH         LINE#         1955
  C:4E57H         LINE#         1956
  C:4E57H         LINE#         1957
  C:4E5EH         LINE#         1958
  C:4E5EH         LINE#         1959
  C:4E76H         LINE#         1960
  C:4E76H         LINE#         1961
  C:4E7DH         LINE#         1962
  C:4E7DH         LINE#         1963
  C:4E95H         LINE#         1964
  C:4E95H         LINE#         1965
  C:4E9CH         LINE#         1966
  C:4E9CH         LINE#         1967
  C:4EB4H         LINE#         1968
  C:4EB4H         LINE#         1969
  C:4EBBH         LINE#         1970
  C:4EBBH         LINE#         1972
  C:4EC0H         LINE#         1973
  C:4EC8H         LINE#         1974
  C:4EC8H         LINE#         1975
  C:4ECFH         LINE#         1976
  C:4ECFH         LINE#         1977
  C:4ED7H         LINE#         1978
  C:4ED7H         LINE#         1979
  C:4EDEH         LINE#         1980
  C:4EDEH         LINE#         1981
BL51 BANKED LINKER/LOCATER V6.22.2.0                                                  03/24/2020  19:38:01  PAGE 32


  C:4EE6H         LINE#         1982
  C:4EE6H         LINE#         1983
  C:4EEDH         LINE#         1984
  C:4EEDH         LINE#         1985
  C:4EF5H         LINE#         1986
  C:4EF5H         LINE#         1987
  C:4EFCH         LINE#         1988
  C:4EFCH         LINE#         1989
  C:4F04H         LINE#         1990
  C:4F04H         LINE#         1991
  C:4F0BH         LINE#         1992
  C:4F0BH         LINE#         1993
  C:4F13H         LINE#         1994
  C:4F13H         LINE#         1995
  C:4F1AH         LINE#         1996
  C:4F1AH         LINE#         1997
  C:4F22H         LINE#         1998
  C:4F22H         LINE#         1999
  C:4F29H         LINE#         2000
  C:4F29H         LINE#         2002
  C:4F2EH         LINE#         2003
  C:4F38H         LINE#         2004
  C:4F38H         LINE#         2005
  C:4F3FH         LINE#         2006
  C:4F3FH         LINE#         2007
  C:4F4AH         LINE#         2008
  C:4F4AH         LINE#         2009
  C:4F51H         LINE#         2010
  C:4F51H         LINE#         2011
  C:4F58H         LINE#         2012
  C:4F58H         LINE#         2013
  C:4F5FH         LINE#         2014
  C:4F5FH         LINE#         2015
  C:4F69H         LINE#         2016
  C:4F69H         LINE#         2017
  C:4F70H         LINE#         2018
  C:4F70H         LINE#         2019
  C:4F7BH         LINE#         2020
  C:4F7BH         LINE#         2021
  C:4F82H         LINE#         2022
  C:4F82H         LINE#         2023
  C:4F89H         LINE#         2024
  C:4F89H         LINE#         2025
  C:4F90H         LINE#         2026
  C:4F90H         LINE#         2027
  C:4F9AH         LINE#         2028
  C:4F9AH         LINE#         2029
  C:4FA1H         LINE#         2030
  C:4FA1H         LINE#         2031
  C:4FACH         LINE#         2032
  C:4FACH         LINE#         2033
  C:4FB3H         LINE#         2034
  C:4FB3H         LINE#         2036
  C:4FB8H         LINE#         2037
  C:4FBFH         LINE#         2038
  C:4FBFH         LINE#         2039
  C:4FC3H         LINE#         2040
BL51 BANKED LINKER/LOCATER V6.22.2.0                                                  03/24/2020  19:38:01  PAGE 33


  C:4FC3H         LINE#         2041
  -------         ENDPROC       STATEWORDBUILD
  -------         PROC          SAVEDATARS1
  -------         DO            
  D:003EH         SYMBOL        p1
  D:0041H         SYMBOL        sum
  -------         ENDDO         
  C:1D0FH         LINE#         2047
  C:1D0FH         LINE#         2048
  C:1D0FH         LINE#         2053
  C:1D17H         LINE#         2054
  C:1D17H         LINE#         2055
  C:1D20H         LINE#         2056
  C:1D22H         LINE#         2058
  C:1D22H         LINE#         2059
  C:1D2BH         LINE#         2060
  C:1D2BH         LINE#         2062
  C:1D2EH         LINE#         2065
  C:1D39H         LINE#         2066
  C:1D44H         LINE#         2067
  C:1D4EH         LINE#         2068
  C:1D59H         LINE#         2069
  C:1D62H         LINE#         2070
  C:1D6CH         LINE#         2071
  C:1D76H         LINE#         2072
  C:1D81H         LINE#         2073
  C:1D8BH         LINE#         2074
  C:1D98H         LINE#         2075
  C:1DA3H         LINE#         2076
  C:1DAEH         LINE#         2077
  C:1DBBH         LINE#         2078
  C:1DC6H         LINE#         2079
  C:1DD2H         LINE#         2080
  C:1DDFH         LINE#         2081
  C:1DEAH         LINE#         2082
  C:1DF5H         LINE#         2083
  C:1E02H         LINE#         2084
  C:1E0DH         LINE#         2085
  C:1E19H         LINE#         2086
  C:1E26H         LINE#         2087
  C:1E31H         LINE#         2088
  C:1E3CH         LINE#         2089
  C:1E49H         LINE#         2090
  C:1E54H         LINE#         2092
  C:1E5CH         LINE#         2093
  C:1E67H         LINE#         2094
  C:1E71H         LINE#         2095
  C:1E7CH         LINE#         2096
  C:1E86H         LINE#         2097
  C:1E8FH         LINE#         2098
  C:1E9DH         LINE#         2099
  C:1EAAH         LINE#         2100
  C:1EB5H         LINE#         2101
  C:1EC0H         LINE#         2102
  C:1ECDH         LINE#         2103
  C:1ED8H         LINE#         2104
  C:1EE4H         LINE#         2105
BL51 BANKED LINKER/LOCATER V6.22.2.0                                                  03/24/2020  19:38:01  PAGE 34


  C:1EF1H         LINE#         2106
  C:1EFCH         LINE#         2107
  C:1F07H         LINE#         2108
  C:1F14H         LINE#         2109
  C:1F1FH         LINE#         2111
  C:1F2BH         LINE#         2112
  C:1F38H         LINE#         2113
  C:1F43H         LINE#         2114
  C:1F4EH         LINE#         2115
  C:1F5BH         LINE#         2116
  C:1F66H         LINE#         2117
  C:1F72H         LINE#         2118
  C:1F7FH         LINE#         2119
  C:1F8AH         LINE#         2121
  C:1F92H         LINE#         2122
  C:1F9DH         LINE#         2123
  C:1FA7H         LINE#         2124
  C:1FB2H         LINE#         2125
  C:1FBCH         LINE#         2126
  C:1FC6H         LINE#         2127
  C:1FD3H         LINE#         2128
  C:1FE0H         LINE#         2129
  C:1FEBH         LINE#         2130
  C:1FF7H         LINE#         2131
  C:2004H         LINE#         2132
[...]
  C:5C33H         LINE#         6875
  C:5C3CH         LINE#         6876
  C:5C3CH         LINE#         6877
  C:5C4DH         LINE#         6878
BL51 BANKED LINKER/LOCATER V6.22.2.0                                                  03/24/2020  19:38:01  PAGE 104


  C:5C4DH         LINE#         6879
  C:5C8FH         LINE#         6880
  C:5C8FH         LINE#         6881
  C:5C97H         LINE#         6882
  C:5C97H         LINE#         6883
  C:5C9FH         LINE#         6884
  C:5CA7H         LINE#         6885
  C:5CADH         LINE#         6886
  C:5CADH         LINE#         6888
  C:5CB7H         LINE#         6889
  C:5CB8H         LINE#         6891
  C:5CB8H         LINE#         6892
  C:5CB8H         LINE#         6894
  C:5CBBH         LINE#         6895
  C:5CC5H         LINE#         6897
  C:5CCBH         LINE#         6898
  C:5CD5H         LINE#         6899
  C:5CE4H         LINE#         6900
  C:5CE4H         LINE#         6901
  C:5CE8H         LINE#         6902
  C:5CE8H         LINE#         6904
  C:5CEAH         LINE#         6905
  C:5CEAH         LINE#         6906
  C:5CEFH         LINE#         6907
  C:5CEFH         LINE#         6908
  C:5CF4H         LINE#         6909
  C:5CF4H         LINE#         6910
  C:5CF4H         LINE#         6911
  C:5CF4H         LINE#         6912
  -------         ENDPROC       SINGLEPROTECTCHARGECONTROL
  -------         PROC          L?1288
  -------         ENDPROC       L?1288
  -------         PROC          _ONOFFSELFEXEREC
  D:0002H         SYMBOL        type
  D:0003H         SYMBOL        number
  C:6433H         LINE#         6918
  C:6437H         LINE#         6919
  C:6437H         LINE#         6920
  C:643FH         LINE#         6921
  C:643FH         LINE#         6922
  C:645DH         LINE#         6923
  C:6477H         LINE#         6924
  C:6491H         LINE#         6925
  C:64A6H         LINE#         6926
  C:64BBH         LINE#         6927
  C:64D0H         LINE#         6929
  C:64D6H         LINE#         6930
  C:64E3H         LINE#         6931
  C:64E3H         LINE#         6932
  C:64E5H         LINE#         6933
  C:64E5H         LINE#         6934
  C:64E6H         LINE#         6935
  C:64EEH         LINE#         6936
  C:64EEH         LINE#         6937
  C:650CH         LINE#         6938
  C:6526H         LINE#         6939
  C:6540H         LINE#         6940
BL51 BANKED LINKER/LOCATER V6.22.2.0                                                  03/24/2020  19:38:01  PAGE 105


  C:6555H         LINE#         6941
  C:656AH         LINE#         6942
  C:657FH         LINE#         6944
  C:6585H         LINE#         6945
  C:6592H         LINE#         6946
  C:6592H         LINE#         6947
  C:6594H         LINE#         6948
  C:6594H         LINE#         6949
  C:6595H         LINE#         6950
  C:659DH         LINE#         6951
  C:659DH         LINE#         6952
  C:65BBH         LINE#         6953
  C:65D5H         LINE#         6954
  C:65F3H         LINE#         6955
  C:6608H         LINE#         6956
  C:661FH         LINE#         6957
  C:662EH         LINE#         6959
  C:6634H         LINE#         6960
  C:663EH         LINE#         6961
  C:663EH         LINE#         6962
  C:6640H         LINE#         6963
  C:6640H         LINE#         6964
  C:6640H         LINE#         6965
  -------         ENDPROC       _ONOFFSELFEXEREC
  -------         PROC          RAMCHECK
  -------         DO            
  D:0007H         SYMBOL        i
  X:89C5H         SYMBOL        check
  -------         ENDDO         
  C:83EBH         LINE#         6971
  C:83EBH         LINE#         6972
  C:83EBH         LINE#         6976
  C:83F7H         LINE#         6977
  C:83F7H         LINE#         6978
  C:8404H         LINE#         6979
  C:8407H         LINE#         6980
  C:8413H         LINE#         6981
  C:8413H         LINE#         6982
  C:8422H         LINE#         6983
  C:8422H         LINE#         6984
  C:8425H         LINE#         6985
  C:8425H         LINE#         6986
  C:8428H         LINE#         6987
  C:8434H         LINE#         6988
  C:8434H         LINE#         6989
  C:8441H         LINE#         6990
  C:8444H         LINE#         6991
  C:8450H         LINE#         6992
  C:8450H         LINE#         6993
  C:845FH         LINE#         6994
  C:845FH         LINE#         6995
  C:8462H         LINE#         6996
  C:8462H         LINE#         6997
  C:8465H         LINE#         6998
  C:8467H         LINE#         6999
  -------         ENDPROC       RAMCHECK
  -------         PROC          POWERSUPPLYCHECK
BL51 BANKED LINKER/LOCATER V6.22.2.0                                                  03/24/2020  19:38:01  PAGE 106


  C:85C8H         LINE#         7006
  C:85C8H         LINE#         7007
  C:85C8H         LINE#         7008
  C:85D1H         LINE#         7009
  C:85D1H         LINE#         7010
  C:85EAH         LINE#         7011
  C:85EAH         LINE#         7012
  C:85F0H         LINE#         7013
  C:85FAH         LINE#         7014
  C:85FAH         LINE#         7015
  C:85FAH         LINE#         7016
  C:85FAH         LINE#         7017
  C:85FCH         LINE#         7025
  C:85FCH         LINE#         7026
  C:8615H         LINE#         7027
  C:8615H         LINE#         7028
  C:861BH         LINE#         7029
  C:8625H         LINE#         7030
  C:8625H         LINE#         7031
  C:862BH         LINE#         7032
  C:862BH         LINE#         7033
  C:862CH         LINE#         7035
  C:862CH         LINE#         7036
  C:8631H         LINE#         7037
  C:8637H         LINE#         7038
  C:8637H         LINE#         7039
  C:8637H         LINE#         7040
  -------         ENDPROC       POWERSUPPLYCHECK
  -------         PROC          OVERCHARGEPROTECT
  -------         DO            
  D:003EH         SYMBOL        i
  X:89C5H         SYMBOL        batteryVminus1
  X:89C9H         SYMBOL        batteryVminus2
  X:89CDH         SYMBOL        tempfloat
  X:89D1H         SYMBOL        batteryValueCunt
  X:89D3H         SYMBOL        batteryChannel
  -------         ENDDO         
  C:5F7CH         LINE#         7046
  C:5F7CH         LINE#         7047
  C:5F7CH         LINE#         7055
  C:5F92H         LINE#         7056
  C:5F92H         LINE#         7057
  C:5FC4H         LINE#         7058
  C:5FC4H         LINE#         7059
  C:5FEAH         LINE#         7060
  C:5FEAH         LINE#         7061
  C:5FEDH         LINE#         7062
  C:5FF0H         LINE#         7063
  C:6016H         LINE#         7064
  C:6016H         LINE#         7065
  C:602EH         LINE#         7066
  C:6046H         LINE#         7067
  C:606AH         LINE#         7068
  C:6080H         LINE#         7069
  C:6080H         LINE#         7070
  C:6083H         LINE#         7071
  C:6085H         LINE#         7078
BL51 BANKED LINKER/LOCATER V6.22.2.0                                                  03/24/2020  19:38:01  PAGE 107


  C:6085H         LINE#         7079
  C:608BH         LINE#         7080
  C:608BH         LINE#         7082
  C:6096H         LINE#         7083
  C:6096H         LINE#         7084
  C:60A3H         LINE#         7085
  C:60A3H         LINE#         7086
  C:60C5H         LINE#         7087
  C:60C5H         LINE#         7088
  C:60D1H         LINE#         7089
  C:60D3H         LINE#         7091
  C:60D3H         LINE#         7092
  C:60DEH         LINE#         7093
  C:60DEH         LINE#         7094
  C:60E2H         LINE#         7095
  C:60E9H         LINE#         7096
  C:60EDH         LINE#         7098
  C:60F3H         LINE#         7099
  C:60F3H         LINE#         7100
  C:60F9H         LINE#         7102
  C:610EH         LINE#         7103
  C:610EH         LINE#         7104
  C:6142H         LINE#         7105
  C:6142H         LINE#         7106
  C:6142H         LINE#         7107
  C:6147H         LINE#         7108
  C:6149H         LINE#         7109
  C:614BH         LINE#         7111
  C:614BH         LINE#         7112
  C:6150H         LINE#         7113
  C:6152H         LINE#         7114
  C:6154H         LINE#         7116
  C:6154H         LINE#         7117
  C:6159H         LINE#         7118
  C:615BH         LINE#         7119
  C:615DH         LINE#         7121
  C:615DH         LINE#         7122
  C:6162H         LINE#         7123
  C:6164H         LINE#         7124
  C:6166H         LINE#         7126
  C:6166H         LINE#         7127
  C:616BH         LINE#         7128
  C:616DH         LINE#         7129
  C:616FH         LINE#         7131
  C:616FH         LINE#         7132
  C:6174H         LINE#         7133
  C:6176H         LINE#         7134
  C:6178H         LINE#         7136
  C:6178H         LINE#         7137
  C:617DH         LINE#         7138
  C:617FH         LINE#         7139
  C:6181H         LINE#         7141
  C:6181H         LINE#         7142
  C:6186H         LINE#         7143
  C:6188H         LINE#         7144
  C:618AH         LINE#         7146
  C:618AH         LINE#         7147
BL51 BANKED LINKER/LOCATER V6.22.2.0                                                  03/24/2020  19:38:01  PAGE 108


  C:618FH         LINE#         7148
  C:6191H         LINE#         7149
  C:6193H         LINE#         7151
  C:6193H         LINE#         7152
  C:6198H         LINE#         7153
  C:619FH         LINE#         7154
  C:619FH         LINE#         7156
  C:619FH         LINE#         7157
  C:619FH         LINE#         7158
  C:619FH         LINE#         7160
  C:61A5H         LINE#         7161
  C:61AFH         LINE#         7162
  C:61BEH         LINE#         7163
  C:61BEH         LINE#         7164
  C:61C2H         LINE#         7165
  C:61C2H         LINE#         7166
  C:61C2H         LINE#         7167
  C:61C2H         LINE#         7168
  C:61C3H         LINE#         7170
  C:61C3H         LINE#         7171
  C:61D1H         LINE#         7172
  C:61D1H         LINE#         7173
  C:61DEH         LINE#         7174
  C:61E2H         LINE#         7175
  C:61E2H         LINE#         7176
  C:61E2H         LINE#         7177
  C:61E2H         LINE#         7178
  -------         ENDPROC       OVERCHARGEPROTECT
  -------         PROC          CHARGECHECK
  -------         DO            
  D:0007H         SYMBOL        temp
  D:003EH         SYMBOL        ttflag
  -------         ENDDO         
  C:6E6AH         LINE#         7184
  C:6E6AH         LINE#         7185
  C:6E6AH         LINE#         7189
  C:6E6DH         LINE#         7190
  C:6E7FH         LINE#         7192
  C:6E8AH         LINE#         7193
  C:6E8AH         LINE#         7194
  C:6E8AH         LINE#         7195
  C:6E90H         LINE#         7196
  C:6E92H         LINE#         7197
  C:6E92H         LINE#         7198
  C:6E98H         LINE#         7199
  C:6E9AH         LINE#         7200
  C:6E9AH         LINE#         7201
  C:6EA0H         LINE#         7202
  C:6EA2H         LINE#         7203
  C:6EA2H         LINE#         7204
  C:6EA8H         LINE#         7205
  C:6EA8H         LINE#         7206
  C:6EA8H         LINE#         7207
  C:6EA8H         LINE#         7208
  C:6EA8H         LINE#         7210
  C:6EAEH         LINE#         7211
  C:6EC4H         LINE#         7212
BL51 BANKED LINKER/LOCATER V6.22.2.0                                                  03/24/2020  19:38:01  PAGE 109


  C:6EC4H         LINE#         7213
  C:6ECAH         LINE#         7214
  C:6ECFH         LINE#         7215
  C:6ED1H         LINE#         7217
  C:6ED1H         LINE#         7218
  C:6ED7H         LINE#         7219
  C:6EDCH         LINE#         7220
  C:6EDCH         LINE#         7221
  C:6EF2H         LINE#         7222
  C:6EF2H         LINE#         7223
  C:6EF8H         LINE#         7224
  C:6EFAH         LINE#         7226
  C:6EFAH         LINE#         7227
  C:6EFFH         LINE#         7228
  C:6EFFH         LINE#         7229
  C:6F15H         LINE#         7230
  C:6F15H         LINE#         7231
  C:6F1BH         LINE#         7232
  C:6F1DH         LINE#         7234
  C:6F1DH         LINE#         7235
  C:6F22H         LINE#         7236
  C:6F22H         LINE#         7237
  C:6F38H         LINE#         7238
  C:6F38H         LINE#         7239
  C:6F3EH         LINE#         7240
  C:6F40H         LINE#         7242
  C:6F40H         LINE#         7243
  C:6F45H         LINE#         7244
  C:6F45H         LINE#         7245
  C:6F5BH         LINE#         7246
  C:6F5BH         LINE#         7247
  C:6F61H         LINE#         7248
  C:6F63H         LINE#         7250
  C:6F63H         LINE#         7251
  C:6F68H         LINE#         7252
  C:6F68H         LINE#         7254
  C:6F75H         LINE#         7255
  C:6F75H         LINE#         7256
  C:6F8AH         LINE#         7257
  C:6F8AH         LINE#         7258
  C:6F8AH         LINE#         7259
  C:6F8AH         LINE#         7260
  C:6F8CH         LINE#         7262
  C:6F8CH         LINE#         7263
  C:6FA4H         LINE#         7264
  C:6FA4H         LINE#         7265
  C:6FA7H         LINE#         7266
  C:6FA7H         LINE#         7267
  C:6FA7H         LINE#         7270
  C:6FB4H         LINE#         7271
  C:6FB4H         LINE#         7272
  C:6FC9H         LINE#         7273
  C:6FC9H         LINE#         7274
  C:6FC9H         LINE#         7275
  C:6FC9H         LINE#         7276
  C:6FCBH         LINE#         7278
  C:6FCBH         LINE#         7279
BL51 BANKED LINKER/LOCATER V6.22.2.0                                                  03/24/2020  19:38:01  PAGE 110


  C:6FE3H         LINE#         7280
  C:6FE3H         LINE#         7281
  C:6FE9H         LINE#         7282
  C:6FE9H         LINE#         7283
  C:6FE9H         LINE#         7285
  C:6FEFH         LINE#         7286
  C:6FEFH         LINE#         7287
  C:6FF7H         LINE#         7288
  C:6FF7H         LINE#         7289
  C:7010H         LINE#         7290
  C:7010H         LINE#         7291
  C:7015H         LINE#         7292
  C:7019H         LINE#         7293
  C:701DH         LINE#         7295
  C:7025H         LINE#         7296
  C:7029H         LINE#         7297
  C:702DH         LINE#         7299
  C:7033H         LINE#         7301
  C:703BH         LINE#         7302
  C:7042H         LINE#         7304
  C:7042H         LINE#         7305
  C:7042H         LINE#         7307
  C:7045H         LINE#         7308
  C:704FH         LINE#         7310
  C:7055H         LINE#         7311
  C:7055H         LINE#         7312
  C:7055H         LINE#         7313
  C:7055H         LINE#         7314
  -------         ENDPROC       CHARGECHECK
  -------         ENDMOD        POWER

  -------         MODULE        ?C?FPADD
  C:2690H         PUBLIC        ?C?FPADD
  C:268CH         PUBLIC        ?C?FPSUB
  -------         ENDMOD        ?C?FPADD

  -------         MODULE        ?C?FPMUL
  C:2781H         PUBLIC        ?C?FPMUL
  -------         ENDMOD        ?C?FPMUL

  -------         MODULE        ?C?FPDIV
  C:288AH         PUBLIC        ?C?FPDIV
  -------         ENDMOD        ?C?FPDIV

  -------         MODULE        ?C?FPCMP
  C:2929H         PUBLIC        ?C?FPCMP
  C:2927H         PUBLIC        ?C?FPCMP3
  -------         ENDMOD        ?C?FPCMP

  -------         MODULE        ?C?FCAST
  C:29AAH         PUBLIC        ?C?FCASTC
  C:29A5H         PUBLIC        ?C?FCASTI
  C:29A0H         PUBLIC        ?C?FCASTL
  -------         ENDMOD        ?C?FCAST

  -------         MODULE        ?C?CASTF
  C:29DEH         PUBLIC        ?C?CASTF
BL51 BANKED LINKER/LOCATER V6.22.2.0                                                  03/24/2020  19:38:01  PAGE 111


  -------         ENDMOD        ?C?CASTF

  -------         MODULE        FABS
  C:8CB2H         PUBLIC        _FABS
  -------         ENDMOD        FABS

  -------         MODULE        ?C?CLDPTR
  C:2A5FH         PUBLIC        ?C?CLDPTR
  -------         ENDMOD        ?C?CLDPTR

  -------         MODULE        ?C?CSTPTR
  C:2A78H         PUBLIC        ?C?CSTPTR
  -------         ENDMOD        ?C?CSTPTR

  -------         MODULE        ?C?IMUL
  C:2A8AH         PUBLIC        ?C?IMUL
  -------         ENDMOD        ?C?IMUL

  -------         MODULE        ?C?IILDX
  C:2A9CH         PUBLIC        ?C?IILDX
  -------         ENDMOD        ?C?IILDX

  -------         MODULE        ?C?ILDPTR
  C:2AB2H         PUBLIC        ?C?ILDPTR
  -------         ENDMOD        ?C?ILDPTR

  -------         MODULE        ?C?ISTPTR
  C:2ADDH         PUBLIC        ?C?ISTPTR
  -------         ENDMOD        ?C?ISTPTR

  -------         MODULE        ?C?LOR
  C:2AFCH         PUBLIC        ?C?LOR
  -------         ENDMOD        ?C?LOR

  -------         MODULE        ?C?LNEG
  C:2B09H         PUBLIC        ?C?LNEG
  -------         ENDMOD        ?C?LNEG

  -------         MODULE        ?C?SLCMP
  C:2B17H         PUBLIC        ?C?SLCMP
  -------         ENDMOD        ?C?SLCMP

  -------         MODULE        ?C?ULSHR
  C:2B2DH         PUBLIC        ?C?ULSHR
  -------         ENDMOD        ?C?ULSHR

  -------         MODULE        ?C?LLDPTR
  C:2B40H         PUBLIC        ?C?LLDPTR
  -------         ENDMOD        ?C?LLDPTR

  -------         MODULE        ?C?LSTPTR
  C:2B60H         PUBLIC        ?C?LSTPTR
  -------         ENDMOD        ?C?LSTPTR

  -------         MODULE        ?C?LLDXDATA
  C:2B7AH         PUBLIC        ?C?LLDXDATA
  -------         ENDMOD        ?C?LLDXDATA
BL51 BANKED LINKER/LOCATER V6.22.2.0                                                  03/24/2020  19:38:01  PAGE 112



  -------         MODULE        ?C?LLDCODE
  C:2B86H         PUBLIC        ?C?LLDCODE
  -------         ENDMOD        ?C?LLDCODE

  -------         MODULE        ?C?LLDXDATA0
  C:2B96H         PUBLIC        ?C?LLDXDATA0
  -------         ENDMOD        ?C?LLDXDATA0

  -------         MODULE        ?C?LLDPTR0
  C:2BA2H         PUBLIC        ?C?LLDPTR0
  -------         ENDMOD        ?C?LLDPTR0

  -------         MODULE        ?C?LSTXDATA
  C:2BC2H         PUBLIC        ?C?LSTXDATA
  -------         ENDMOD        ?C?LSTXDATA

  -------         MODULE        ?C?LSTKXDATA
  C:2BCEH         PUBLIC        ?C?LSTKXDATA
  -------         ENDMOD        ?C?LSTKXDATA

  -------         MODULE        ?C?OFFXADD
  C:2BFFH         PUBLIC        ?C?OFFXADD
  -------         ENDMOD        ?C?OFFXADD

  -------         MODULE        ?C?CCASE
  C:2C0BH         PUBLIC        ?C?CCASE
  -------         ENDMOD        ?C?CCASE

  -------         MODULE        ABS
  C:8CBFH         PUBLIC        _ABS
  -------         ENDMOD        ABS

  -------         MODULE        ?C?LLDIDATA
  C:2C31H         PUBLIC        ?C?LLDIDATA
  -------         ENDMOD        ?C?LLDIDATA

  -------         MODULE        ?C?LLDPDATA
  C:2C3DH         PUBLIC        ?C?LLDPDATA
  -------         ENDMOD        ?C?LLDPDATA

  -------         MODULE        ?C?LLDIDATA0
  C:2C49H         PUBLIC        ?C?LLDIDATA0
  -------         ENDMOD        ?C?LLDIDATA0

  -------         MODULE        ?C?LLDPDATA0
  C:2C56H         PUBLIC        ?C?LLDPDATA0
  -------         ENDMOD        ?C?LLDPDATA0

  -------         MODULE        ?C?LLDCODE0
  C:2C63H         PUBLIC        ?C?LLDCODE0
  -------         ENDMOD        ?C?LLDCODE0

  -------         MODULE        ?C?LSTIDATA
  C:2C73H         PUBLIC        ?C?LSTIDATA
  -------         ENDMOD        ?C?LSTIDATA

BL51 BANKED LINKER/LOCATER V6.22.2.0                                                  03/24/2020  19:38:01  PAGE 113


  -------         MODULE        ?C?LSTPDATA
  C:2C7FH         PUBLIC        ?C?LSTPDATA
  -------         ENDMOD        ?C?LSTPDATA

Program Size: data=69.0 xdata=3295 code=36031
LINK/LOCATE RUN COMPLETE.  0 WARNING(S),  0 ERROR(S)
